INFO CPU affinity: 3/72 CPUs (4.167%)
INFO CPU affinity: 3/72 CPUs (4.167%)
INFO Selecting 1 free GPU(s).
INFO Selected GPU(s): 9.
INFO Set environment variables CUDA_VISIBLE_DEVICES=9 and CUDA_DEVICE_ORDER=PCI_BUS_ID.
INFO Selected physical GPU 9 via autocvd.
[dpm2_gauss_hierarchical] stock sampler (no churn), artifacts under /export/home/rheinric/COMPASS/Partial_Pooling/churn100/hier_stock/artifacts_churn_eta0
Focused partial-pooling recovery
  diffusion: vesde
  datasets: 100 starting at 0
  subjects/draws/steps: 20/256/50
  inference: DPM-Solver-2 + hierarchical Gaussian (GAUSS)
  sampler/correction: dpm/gauss_hierarchical
  estimated posterior-sampling time: 2.1 hours
  output: /export/home/rheinric/COMPASS/Partial_Pooling/churn100/hier_stock/artifacts_churn_eta0/partial_pooling_recovery/small/dpm2_gauss_hierarchical-e6f77134be72ce56
[1/100] dataset 0
  DPM-Solver-2 + hierarchical Gaussian (GAUSS): sampling 256 draws in 43 batches (draw batch=6, subjects=20)
  draws    6/256 | elapsed 6 seconds | ETA 4.4 minutes
  draws   30/256 | elapsed 9 seconds | ETA 67 seconds
  draws   60/256 | elapsed 12 seconds | ETA 40 seconds
  draws   90/256 | elapsed 15 seconds | ETA 28 seconds
  draws  120/256 | elapsed 19 seconds | ETA 21 seconds
  draws  150/256 | elapsed 22 seconds | ETA 15 seconds
  draws  180/256 | elapsed 25 seconds | ETA 11 seconds
  draws  210/256 | elapsed 28 seconds | ETA 6 seconds
  draws  240/256 | elapsed 32 seconds | ETA 2 seconds
  draws  256/256 | elapsed 34 seconds | ETA 0 seconds
  checkpointed posterior in dpm2_gauss_hierarchical-dataset-0000.pt
  KDE global mode (draw 221) fixed; ascending 3 local coordinates for 20 subjects (20 levels, sigma_start=0.728)
  saved dpm2_gauss_hierarchical-dataset-0000.pt; joint MAP candidate 221
[2/100] dataset 1
  DPM-Solver-2 + hierarchical Gaussian (GAUSS): sampling 256 draws in 43 batches (draw batch=6, subjects=20)
  draws    6/256 | elapsed 5 seconds | ETA 3.4 minutes
  draws   30/256 | elapsed 7 seconds | ETA 56 seconds
  draws   60/256 | elapsed 11 seconds | ETA 35 seconds
  draws   90/256 | elapsed 14 seconds | ETA 26 seconds
  draws  120/256 | elapsed 17 seconds | ETA 20 seconds
  draws  150/256 | elapsed 20 seconds | ETA 14 seconds
  draws  180/256 | elapsed 24 seconds | ETA 10 seconds
  draws  210/256 | elapsed 27 seconds | ETA 6 seconds
  draws  240/256 | elapsed 30 seconds | ETA 2 seconds
  draws  256/256 | elapsed 32 seconds | ETA 0 seconds
  checkpointed posterior in dpm2_gauss_hierarchical-dataset-0001.pt
  KDE global mode (draw 157) fixed; ascending 3 local coordinates for 20 subjects (20 levels, sigma_start=0.709)
  saved dpm2_gauss_hierarchical-dataset-0001.pt; joint MAP candidate 157
[3/100] dataset 2
  DPM-Solver-2 + hierarchical Gaussian (GAUSS): sampling 256 draws in 43 batches (draw batch=6, subjects=20)
  draws    6/256 | elapsed 5 seconds | ETA 3.4 minutes
  draws   30/256 | elapsed 7 seconds | ETA 56 seconds
  draws   60/256 | elapsed 11 seconds | ETA 35 seconds
  draws   90/256 | elapsed 14 seconds | ETA 26 seconds
  draws  120/256 | elapsed 17 seconds | ETA 19 seconds
  draws  150/256 | elapsed 20 seconds | ETA 14 seconds
  draws  180/256 | elapsed 24 seconds | ETA 10 seconds
  draws  210/256 | elapsed 27 seconds | ETA 6 seconds
  draws  240/256 | elapsed 30 seconds | ETA 2 seconds
  draws  256/256 | elapsed 32 seconds | ETA 0 seconds
  checkpointed posterior in dpm2_gauss_hierarchical-dataset-0002.pt
  KDE global mode (draw 188) fixed; ascending 3 local coordinates for 20 subjects (20 levels, sigma_start=0.627)
  saved dpm2_gauss_hierarchical-dataset-0002.pt; joint MAP candidate 188
[4/100] dataset 3
  DPM-Solver-2 + hierarchical Gaussian (GAUSS): sampling 256 draws in 43 batches (draw batch=6, subjects=20)
  draws    6/256 | elapsed 5 seconds | ETA 3.4 minutes
  draws   30/256 | elapsed 7 seconds | ETA 56 seconds
  draws   60/256 | elapsed 11 seconds | ETA 35 seconds
  draws   90/256 | elapsed 14 seconds | ETA 26 seconds
  draws  120/256 | elapsed 17 seconds | ETA 19 seconds
  draws  150/256 | elapsed 20 seconds | ETA 14 seconds
  draws  180/256 | elapsed 24 seconds | ETA 10 seconds
  draws  210/256 | elapsed 27 seconds | ETA 6 seconds
  draws  240/256 | elapsed 30 seconds | ETA 2 seconds
  draws  256/256 | elapsed 32 seconds | ETA 0 seconds
  checkpointed posterior in dpm2_gauss_hierarchical-dataset-0003.pt
  KDE global mode (draw 144) fixed; ascending 3 local coordinates for 20 subjects (20 levels, sigma_start=0.676)
  saved dpm2_gauss_hierarchical-dataset-0003.pt; joint MAP candidate 144
[5/100] dataset 4
  DPM-Solver-2 + hierarchical Gaussian (GAUSS): sampling 256 draws in 43 batches (draw batch=6, subjects=20)
  draws    6/256 | elapsed 5 seconds | ETA 3.4 minutes
  draws   30/256 | elapsed 7 seconds | ETA 56 seconds
  draws   60/256 | elapsed 11 seconds | ETA 35 seconds
  draws   90/256 | elapsed 14 seconds | ETA 26 seconds
  draws  120/256 | elapsed 17 seconds | ETA 19 seconds
  draws  150/256 | elapsed 20 seconds | ETA 14 seconds
  draws  180/256 | elapsed 24 seconds | ETA 10 seconds
  draws  210/256 | elapsed 27 seconds | ETA 6 seconds
  draws  240/256 | elapsed 30 seconds | ETA 2 seconds
  draws  256/256 | elapsed 32 seconds | ETA 0 seconds
  checkpointed posterior in dpm2_gauss_hierarchical-dataset-0004.pt
  KDE global mode (draw 57) fixed; ascending 3 local coordinates for 20 subjects (20 levels, sigma_start=0.657)
  saved dpm2_gauss_hierarchical-dataset-0004.pt; joint MAP candidate 57
[6/100] dataset 5
  DPM-Solver-2 + hierarchical Gaussian (GAUSS): sampling 256 draws in 43 batches (draw batch=6, subjects=20)
  draws    6/256 | elapsed 5 seconds | ETA 3.4 minutes
  draws   30/256 | elapsed 7 seconds | ETA 56 seconds
  draws   60/256 | elapsed 11 seconds | ETA 35 seconds
  draws   90/256 | elapsed 14 seconds | ETA 26 seconds
  draws  120/256 | elapsed 17 seconds | ETA 19 seconds
  draws  150/256 | elapsed 20 seconds | ETA 14 seconds
  draws  180/256 | elapsed 24 seconds | ETA 10 seconds
  draws  210/256 | elapsed 27 seconds | ETA 6 seconds
  draws  240/256 | elapsed 30 seconds | ETA 2 seconds
  draws  256/256 | elapsed 32 seconds | ETA 0 seconds
  checkpointed posterior in dpm2_gauss_hierarchical-dataset-0005.pt
  KDE global mode (draw 76) fixed; ascending 3 local coordinates for 20 subjects (20 levels, sigma_start=0.696)
  saved dpm2_gauss_hierarchical-dataset-0005.pt; joint MAP candidate 76
[7/100] dataset 6
  DPM-Solver-2 + hierarchical Gaussian (GAUSS): sampling 256 draws in 43 batches (draw batch=6, subjects=20)
  draws    6/256 | elapsed 5 seconds | ETA 3.4 minutes
  draws   30/256 | elapsed 7 seconds | ETA 56 seconds
  draws   60/256 | elapsed 11 seconds | ETA 35 seconds
  draws   90/256 | elapsed 14 seconds | ETA 26 seconds
  draws  120/256 | elapsed 17 seconds | ETA 20 seconds
  draws  150/256 | elapsed 20 seconds | ETA 14 seconds
  draws  180/256 | elapsed 24 seconds | ETA 10 seconds
  draws  210/256 | elapsed 27 seconds | ETA 6 seconds
  draws  240/256 | elapsed 30 seconds | ETA 2 seconds
  draws  256/256 | elapsed 32 seconds | ETA 0 seconds
  checkpointed posterior in dpm2_gauss_hierarchical-dataset-0006.pt
  KDE global mode (draw 173) fixed; ascending 3 local coordinates for 20 subjects (20 levels, sigma_start=0.66)
  saved dpm2_gauss_hierarchical-dataset-0006.pt; joint MAP candidate 173
[8/100] dataset 7
  DPM-Solver-2 + hierarchical Gaussian (GAUSS): sampling 256 draws in 43 batches (draw batch=6, subjects=20)
  draws    6/256 | elapsed 5 seconds | ETA 3.4 minutes
  draws   30/256 | elapsed 8 seconds | ETA 57 seconds
  draws   60/256 | elapsed 11 seconds | ETA 35 seconds
  draws   90/256 | elapsed 14 seconds | ETA 26 seconds
  draws  120/256 | elapsed 17 seconds | ETA 20 seconds
  draws  150/256 | elapsed 21 seconds | ETA 15 seconds
  draws  180/256 | elapsed 24 seconds | ETA 10 seconds
  draws  210/256 | elapsed 27 seconds | ETA 6 seconds
  draws  240/256 | elapsed 30 seconds | ETA 2 seconds
  draws  256/256 | elapsed 32 seconds | ETA 0 seconds
  checkpointed posterior in dpm2_gauss_hierarchical-dataset-0007.pt
  KDE global mode (draw 203) fixed; ascending 3 local coordinates for 20 subjects (20 levels, sigma_start=0.537)
  saved dpm2_gauss_hierarchical-dataset-0007.pt; joint MAP candidate 203
[9/100] dataset 8
  DPM-Solver-2 + hierarchical Gaussian (GAUSS): sampling 256 draws in 43 batches (draw batch=6, subjects=20)
  draws    6/256 | elapsed 5 seconds | ETA 3.4 minutes
  draws   30/256 | elapsed 7 seconds | ETA 56 seconds
  draws   60/256 | elapsed 11 seconds | ETA 35 seconds
  draws   90/256 | elapsed 14 seconds | ETA 26 seconds
  draws  120/256 | elapsed 17 seconds | ETA 19 seconds
  draws  150/256 | elapsed 20 seconds | ETA 14 seconds
  draws  180/256 | elapsed 24 seconds | ETA 10 seconds
  draws  210/256 | elapsed 27 seconds | ETA 6 seconds
  draws  240/256 | elapsed 30 seconds | ETA 2 seconds
  draws  256/256 | elapsed 32 seconds | ETA 0 seconds
  checkpointed posterior in dpm2_gauss_hierarchical-dataset-0008.pt
  KDE global mode (draw 236) fixed; ascending 3 local coordinates for 20 subjects (20 levels, sigma_start=0.624)
  saved dpm2_gauss_hierarchical-dataset-0008.pt; joint MAP candidate 236
[10/100] dataset 9
  DPM-Solver-2 + hierarchical Gaussian (GAUSS): sampling 256 draws in 43 batches (draw batch=6, subjects=20)
  draws    6/256 | elapsed 5 seconds | ETA 3.4 minutes
  draws   30/256 | elapsed 8 seconds | ETA 57 seconds
  draws   60/256 | elapsed 11 seconds | ETA 35 seconds
  draws   90/256 | elapsed 14 seconds | ETA 26 seconds
  draws  120/256 | elapsed 17 seconds | ETA 20 seconds
  draws  150/256 | elapsed 21 seconds | ETA 15 seconds
  draws  180/256 | elapsed 24 seconds | ETA 10 seconds
  draws  210/256 | elapsed 27 seconds | ETA 6 seconds
  draws  240/256 | elapsed 30 seconds | ETA 2 seconds
  draws  256/256 | elapsed 32 seconds | ETA 0 seconds
  checkpointed posterior in dpm2_gauss_hierarchical-dataset-0009.pt
  KDE global mode (draw 192) fixed; ascending 3 local coordinates for 20 subjects (20 levels, sigma_start=0.616)
  saved dpm2_gauss_hierarchical-dataset-0009.pt; joint MAP candidate 192
[11/100] dataset 10
  DPM-Solver-2 + hierarchical Gaussian (GAUSS): sampling 256 draws in 43 batches (draw batch=6, subjects=20)
  draws    6/256 | elapsed 5 seconds | ETA 3.4 minutes
  draws   30/256 | elapsed 8 seconds | ETA 57 seconds
  draws   60/256 | elapsed 11 seconds | ETA 35 seconds
  draws   90/256 | elapsed 14 seconds | ETA 26 seconds
  draws  120/256 | elapsed 17 seconds | ETA 20 seconds
  draws  150/256 | elapsed 21 seconds | ETA 15 seconds
  draws  180/256 | elapsed 24 seconds | ETA 10 seconds
  draws  210/256 | elapsed 27 seconds | ETA 6 seconds
  draws  240/256 | elapsed 30 seconds | ETA 2 seconds
  draws  256/256 | elapsed 32 seconds | ETA 0 seconds
  checkpointed posterior in dpm2_gauss_hierarchical-dataset-0010.pt
  KDE global mode (draw 22) fixed; ascending 3 local coordinates for 20 subjects (20 levels, sigma_start=0.634)
  saved dpm2_gauss_hierarchical-dataset-0010.pt; joint MAP candidate 22
[12/100] dataset 11
  DPM-Solver-2 + hierarchical Gaussian (GAUSS): sampling 256 draws in 43 batches (draw batch=6, subjects=20)
  draws    6/256 | elapsed 5 seconds | ETA 3.4 minutes
  draws   30/256 | elapsed 7 seconds | ETA 56 seconds
  draws   60/256 | elapsed 11 seconds | ETA 35 seconds
  draws   90/256 | elapsed 14 seconds | ETA 26 seconds
  draws  120/256 | elapsed 17 seconds | ETA 19 seconds
  draws  150/256 | elapsed 20 seconds | ETA 14 seconds
  draws  180/256 | elapsed 24 seconds | ETA 10 seconds
  draws  210/256 | elapsed 27 seconds | ETA 6 seconds
  draws  240/256 | elapsed 30 seconds | ETA 2 seconds
  draws  256/256 | elapsed 32 seconds | ETA 0 seconds
  checkpointed posterior in dpm2_gauss_hierarchical-dataset-0011.pt
  KDE global mode (draw 250) fixed; ascending 3 local coordinates for 20 subjects (20 levels, sigma_start=0.669)
  saved dpm2_gauss_hierarchical-dataset-0011.pt; joint MAP candidate 250
[13/100] dataset 12
  DPM-Solver-2 + hierarchical Gaussian (GAUSS): sampling 256 draws in 43 batches (draw batch=6, subjects=20)
  draws    6/256 | elapsed 5 seconds | ETA 3.4 minutes
  draws   30/256 | elapsed 8 seconds | ETA 57 seconds
  draws   60/256 | elapsed 11 seconds | ETA 35 seconds
  draws   90/256 | elapsed 14 seconds | ETA 26 seconds
  draws  120/256 | elapsed 17 seconds | ETA 20 seconds
  draws  150/256 | elapsed 21 seconds | ETA 15 seconds
  draws  180/256 | elapsed 24 seconds | ETA 10 seconds
  draws  210/256 | elapsed 27 seconds | ETA 6 seconds
  draws  240/256 | elapsed 30 seconds | ETA 2 seconds
  draws  256/256 | elapsed 32 seconds | ETA 0 seconds
  checkpointed posterior in dpm2_gauss_hierarchical-dataset-0012.pt
  KDE global mode (draw 196) fixed; ascending 3 local coordinates for 20 subjects (20 levels, sigma_start=0.591)
  saved dpm2_gauss_hierarchical-dataset-0012.pt; joint MAP candidate 196
[14/100] dataset 13
  DPM-Solver-2 + hierarchical Gaussian (GAUSS): sampling 256 draws in 43 batches (draw batch=6, subjects=20)
  draws    6/256 | elapsed 5 seconds | ETA 3.4 minutes
  draws   30/256 | elapsed 8 seconds | ETA 57 seconds
  draws   60/256 | elapsed 11 seconds | ETA 35 seconds
  draws   90/256 | elapsed 14 seconds | ETA 26 seconds
  draws  120/256 | elapsed 17 seconds | ETA 20 seconds
  draws  150/256 | elapsed 21 seconds | ETA 15 seconds
  draws  180/256 | elapsed 24 seconds | ETA 10 seconds
  draws  210/256 | elapsed 27 seconds | ETA 6 seconds
  draws  240/256 | elapsed 30 seconds | ETA 2 seconds
  draws  256/256 | elapsed 32 seconds | ETA 0 seconds
  checkpointed posterior in dpm2_gauss_hierarchical-dataset-0013.pt
  KDE global mode (draw 83) fixed; ascending 3 local coordinates for 20 subjects (20 levels, sigma_start=0.6)
  saved dpm2_gauss_hierarchical-dataset-0013.pt; joint MAP candidate 83
[15/100] dataset 14
  DPM-Solver-2 + hierarchical Gaussian (GAUSS): sampling 256 draws in 43 batches (draw batch=6, subjects=20)
  draws    6/256 | elapsed 5 seconds | ETA 3.4 minutes
  draws   30/256 | elapsed 7 seconds | ETA 56 seconds
  draws   60/256 | elapsed 11 seconds | ETA 35 seconds
  draws   90/256 | elapsed 14 seconds | ETA 26 seconds
  draws  120/256 | elapsed 17 seconds | ETA 20 seconds
  draws  150/256 | elapsed 20 seconds | ETA 14 seconds
  draws  180/256 | elapsed 24 seconds | ETA 10 seconds
  draws  210/256 | elapsed 27 seconds | ETA 6 seconds
  draws  240/256 | elapsed 30 seconds | ETA 2 seconds
  draws  256/256 | elapsed 32 seconds | ETA 0 seconds
  checkpointed posterior in dpm2_gauss_hierarchical-dataset-0014.pt
  KDE global mode (draw 217) fixed; ascending 3 local coordinates for 20 subjects (20 levels, sigma_start=0.781)
  saved dpm2_gauss_hierarchical-dataset-0014.pt; joint MAP candidate 217
[16/100] dataset 15
  DPM-Solver-2 + hierarchical Gaussian (GAUSS): sampling 256 draws in 43 batches (draw batch=6, subjects=20)
  draws    6/256 | elapsed 5 seconds | ETA 3.4 minutes
  draws   30/256 | elapsed 8 seconds | ETA 57 seconds
  draws   60/256 | elapsed 11 seconds | ETA 35 seconds
  draws   90/256 | elapsed 14 seconds | ETA 26 seconds
  draws  120/256 | elapsed 17 seconds | ETA 20 seconds
  draws  150/256 | elapsed 20 seconds | ETA 14 seconds
  draws  180/256 | elapsed 24 seconds | ETA 10 seconds
  draws  210/256 | elapsed 27 seconds | ETA 6 seconds
  draws  240/256 | elapsed 30 seconds | ETA 2 seconds
  draws  256/256 | elapsed 32 seconds | ETA 0 seconds
  checkpointed posterior in dpm2_gauss_hierarchical-dataset-0015.pt
  KDE global mode (draw 110) fixed; ascending 3 local coordinates for 20 subjects (20 levels, sigma_start=0.667)
  saved dpm2_gauss_hierarchical-dataset-0015.pt; joint MAP candidate 110
[17/100] dataset 16
  DPM-Solver-2 + hierarchical Gaussian (GAUSS): sampling 256 draws in 43 batches (draw batch=6, subjects=20)
  draws    6/256 | elapsed 5 seconds | ETA 3.4 minutes
  draws   30/256 | elapsed 7 seconds | ETA 56 seconds
  draws   60/256 | elapsed 11 seconds | ETA 35 seconds
  draws   90/256 | elapsed 14 seconds | ETA 26 seconds
  draws  120/256 | elapsed 17 seconds | ETA 19 seconds
  draws  150/256 | elapsed 20 seconds | ETA 14 seconds
  draws  180/256 | elapsed 24 seconds | ETA 10 seconds
  draws  210/256 | elapsed 27 seconds | ETA 6 seconds
  draws  240/256 | elapsed 30 seconds | ETA 2 seconds
  draws  256/256 | elapsed 32 seconds | ETA 0 seconds
  checkpointed posterior in dpm2_gauss_hierarchical-dataset-0016.pt
  KDE global mode (draw 62) fixed; ascending 3 local coordinates for 20 subjects (20 levels, sigma_start=0.643)
  saved dpm2_gauss_hierarchical-dataset-0016.pt; joint MAP candidate 62
[18/100] dataset 17
  DPM-Solver-2 + hierarchical Gaussian (GAUSS): sampling 256 draws in 43 batches (draw batch=6, subjects=20)
  draws    6/256 | elapsed 5 seconds | ETA 3.4 minutes
  draws   30/256 | elapsed 7 seconds | ETA 56 seconds
  draws   60/256 | elapsed 11 seconds | ETA 35 seconds
  draws   90/256 | elapsed 14 seconds | ETA 26 seconds
  draws  120/256 | elapsed 17 seconds | ETA 19 seconds
  draws  150/256 | elapsed 20 seconds | ETA 14 seconds
  draws  180/256 | elapsed 23 seconds | ETA 10 seconds
  draws  210/256 | elapsed 27 seconds | ETA 6 seconds
  draws  240/256 | elapsed 30 seconds | ETA 2 seconds
  draws  256/256 | elapsed 32 seconds | ETA 0 seconds
  checkpointed posterior in dpm2_gauss_hierarchical-dataset-0017.pt
  KDE global mode (draw 98) fixed; ascending 3 local coordinates for 20 subjects (20 levels, sigma_start=0.637)
  saved dpm2_gauss_hierarchical-dataset-0017.pt; joint MAP candidate 98
[19/100] dataset 18
  DPM-Solver-2 + hierarchical Gaussian (GAUSS): sampling 256 draws in 43 batches (draw batch=6, subjects=20)
  draws    6/256 | elapsed 5 seconds | ETA 3.4 minutes
  draws   30/256 | elapsed 7 seconds | ETA 56 seconds
  draws   60/256 | elapsed 11 seconds | ETA 35 seconds
  draws   90/256 | elapsed 14 seconds | ETA 26 seconds
  draws  120/256 | elapsed 17 seconds | ETA 20 seconds
  draws  150/256 | elapsed 21 seconds | ETA 14 seconds
  draws  180/256 | elapsed 24 seconds | ETA 10 seconds
  draws  210/256 | elapsed 27 seconds | ETA 6 seconds
  draws  240/256 | elapsed 30 seconds | ETA 2 seconds
  draws  256/256 | elapsed 32 seconds | ETA 0 seconds
  checkpointed posterior in dpm2_gauss_hierarchical-dataset-0018.pt
  KDE global mode (draw 16) fixed; ascending 3 local coordinates for 20 subjects (20 levels, sigma_start=0.697)
  saved dpm2_gauss_hierarchical-dataset-0018.pt; joint MAP candidate 16
[20/100] dataset 19
  DPM-Solver-2 + hierarchical Gaussian (GAUSS): sampling 256 draws in 43 batches (draw batch=6, subjects=20)
  draws    6/256 | elapsed 5 seconds | ETA 3.4 minutes
  draws   30/256 | elapsed 7 seconds | ETA 56 seconds
  draws   60/256 | elapsed 11 seconds | ETA 35 seconds
  draws   90/256 | elapsed 14 seconds | ETA 26 seconds
  draws  120/256 | elapsed 17 seconds | ETA 19 seconds
  draws  150/256 | elapsed 20 seconds | ETA 14 seconds
  draws  180/256 | elapsed 24 seconds | ETA 10 seconds
  draws  210/256 | elapsed 27 seconds | ETA 6 seconds
  draws  240/256 | elapsed 30 seconds | ETA 2 seconds
  draws  256/256 | elapsed 32 seconds | ETA 0 seconds
  checkpointed posterior in dpm2_gauss_hierarchical-dataset-0019.pt
  KDE global mode (draw 23) fixed; ascending 3 local coordinates for 20 subjects (20 levels, sigma_start=0.702)
  saved dpm2_gauss_hierarchical-dataset-0019.pt; joint MAP candidate 23
[21/100] dataset 20
  DPM-Solver-2 + hierarchical Gaussian (GAUSS): sampling 256 draws in 43 batches (draw batch=6, subjects=20)
  draws    6/256 | elapsed 5 seconds | ETA 3.4 minutes
  draws   30/256 | elapsed 8 seconds | ETA 57 seconds
  draws   60/256 | elapsed 11 seconds | ETA 35 seconds
  draws   90/256 | elapsed 14 seconds | ETA 26 seconds
  draws  120/256 | elapsed 17 seconds | ETA 20 seconds
  draws  150/256 | elapsed 21 seconds | ETA 15 seconds
  draws  180/256 | elapsed 24 seconds | ETA 10 seconds
  draws  210/256 | elapsed 27 seconds | ETA 6 seconds
  draws  240/256 | elapsed 30 seconds | ETA 2 seconds
  draws  256/256 | elapsed 32 seconds | ETA 0 seconds
  checkpointed posterior in dpm2_gauss_hierarchical-dataset-0020.pt
  KDE global mode (draw 252) fixed; ascending 3 local coordinates for 20 subjects (20 levels, sigma_start=0.555)
  saved dpm2_gauss_hierarchical-dataset-0020.pt; joint MAP candidate 252
[22/100] dataset 21
  DPM-Solver-2 + hierarchical Gaussian (GAUSS): sampling 256 draws in 43 batches (draw batch=6, subjects=20)
  draws    6/256 | elapsed 5 seconds | ETA 3.4 minutes
  draws   30/256 | elapsed 7 seconds | ETA 56 seconds
  draws   60/256 | elapsed 11 seconds | ETA 35 seconds
  draws   90/256 | elapsed 14 seconds | ETA 26 seconds
  draws  120/256 | elapsed 17 seconds | ETA 20 seconds
  draws  150/256 | elapsed 21 seconds | ETA 14 seconds
  draws  180/256 | elapsed 24 seconds | ETA 10 seconds
  draws  210/256 | elapsed 27 seconds | ETA 6 seconds
  draws  240/256 | elapsed 30 seconds | ETA 2 seconds
  draws  256/256 | elapsed 32 seconds | ETA 0 seconds
  checkpointed posterior in dpm2_gauss_hierarchical-dataset-0021.pt
  KDE global mode (draw 138) fixed; ascending 3 local coordinates for 20 subjects (20 levels, sigma_start=0.646)
  saved dpm2_gauss_hierarchical-dataset-0021.pt; joint MAP candidate 138
[23/100] dataset 22
  DPM-Solver-2 + hierarchical Gaussian (GAUSS): sampling 256 draws in 43 batches (draw batch=6, subjects=20)
  draws    6/256 | elapsed 5 seconds | ETA 3.4 minutes
  draws   30/256 | elapsed 7 seconds | ETA 56 seconds
  draws   60/256 | elapsed 11 seconds | ETA 35 seconds
  draws   90/256 | elapsed 14 seconds | ETA 26 seconds
  draws  120/256 | elapsed 17 seconds | ETA 19 seconds
  draws  150/256 | elapsed 20 seconds | ETA 14 seconds
  draws  180/256 | elapsed 24 seconds | ETA 10 seconds
  draws  210/256 | elapsed 27 seconds | ETA 6 seconds
  draws  240/256 | elapsed 30 seconds | ETA 2 seconds
  draws  256/256 | elapsed 32 seconds | ETA 0 seconds
  checkpointed posterior in dpm2_gauss_hierarchical-dataset-0022.pt
  KDE global mode (draw 189) fixed; ascending 3 local coordinates for 20 subjects (20 levels, sigma_start=0.64)
  saved dpm2_gauss_hierarchical-dataset-0022.pt; joint MAP candidate 189
[24/100] dataset 23
  DPM-Solver-2 + hierarchical Gaussian (GAUSS): sampling 256 draws in 43 batches (draw batch=6, subjects=20)
  draws    6/256 | elapsed 5 seconds | ETA 3.4 minutes
  draws   30/256 | elapsed 7 seconds | ETA 56 seconds
  draws   60/256 | elapsed 11 seconds | ETA 35 seconds
  draws   90/256 | elapsed 14 seconds | ETA 26 seconds
  draws  120/256 | elapsed 17 seconds | ETA 19 seconds
  draws  150/256 | elapsed 20 seconds | ETA 14 seconds
  draws  180/256 | elapsed 24 seconds | ETA 10 seconds
  draws  210/256 | elapsed 27 seconds | ETA 6 seconds
  draws  240/256 | elapsed 30 seconds | ETA 2 seconds
  draws  256/256 | elapsed 32 seconds | ETA 0 seconds
  checkpointed posterior in dpm2_gauss_hierarchical-dataset-0023.pt
  KDE global mode (draw 153) fixed; ascending 3 local coordinates for 20 subjects (20 levels, sigma_start=0.736)
  saved dpm2_gauss_hierarchical-dataset-0023.pt; joint MAP candidate 153
[25/100] dataset 24
  DPM-Solver-2 + hierarchical Gaussian (GAUSS): sampling 256 draws in 43 batches (draw batch=6, subjects=20)
  draws    6/256 | elapsed 5 seconds | ETA 3.4 minutes
  draws   30/256 | elapsed 8 seconds | ETA 57 seconds
  draws   60/256 | elapsed 11 seconds | ETA 35 seconds
  draws   90/256 | elapsed 14 seconds | ETA 26 seconds
  draws  120/256 | elapsed 17 seconds | ETA 20 seconds
  draws  150/256 | elapsed 21 seconds | ETA 15 seconds
  draws  180/256 | elapsed 24 seconds | ETA 10 seconds
  draws  210/256 | elapsed 27 seconds | ETA 6 seconds
  draws  240/256 | elapsed 30 seconds | ETA 2 seconds
  draws  256/256 | elapsed 32 seconds | ETA 0 seconds
  checkpointed posterior in dpm2_gauss_hierarchical-dataset-0024.pt
  KDE global mode (draw 179) fixed; ascending 3 local coordinates for 20 subjects (20 levels, sigma_start=0.627)
  saved dpm2_gauss_hierarchical-dataset-0024.pt; joint MAP candidate 179
[26/100] dataset 25
  DPM-Solver-2 + hierarchical Gaussian (GAUSS): sampling 256 draws in 43 batches (draw batch=6, subjects=20)
  draws    6/256 | elapsed 5 seconds | ETA 3.4 minutes
  draws   30/256 | elapsed 8 seconds | ETA 57 seconds
  draws   60/256 | elapsed 11 seconds | ETA 35 seconds
  draws   90/256 | elapsed 14 seconds | ETA 26 seconds
  draws  120/256 | elapsed 17 seconds | ETA 20 seconds
  draws  150/256 | elapsed 20 seconds | ETA 14 seconds
  draws  180/256 | elapsed 24 seconds | ETA 10 seconds
  draws  210/256 | elapsed 27 seconds | ETA 6 seconds
  draws  240/256 | elapsed 30 seconds | ETA 2 seconds
  draws  256/256 | elapsed 32 seconds | ETA 0 seconds
  checkpointed posterior in dpm2_gauss_hierarchical-dataset-0025.pt
  KDE global mode (draw 224) fixed; ascending 3 local coordinates for 20 subjects (20 levels, sigma_start=0.634)
  saved dpm2_gauss_hierarchical-dataset-0025.pt; joint MAP candidate 224
[27/100] dataset 26
  DPM-Solver-2 + hierarchical Gaussian (GAUSS): sampling 256 draws in 43 batches (draw batch=6, subjects=20)
  draws    6/256 | elapsed 5 seconds | ETA 3.4 minutes
  draws   30/256 | elapsed 7 seconds | ETA 56 seconds
  draws   60/256 | elapsed 11 seconds | ETA 35 seconds
  draws   90/256 | elapsed 14 seconds | ETA 26 seconds
  draws  120/256 | elapsed 17 seconds | ETA 20 seconds
  draws  150/256 | elapsed 21 seconds | ETA 14 seconds
  draws  180/256 | elapsed 24 seconds | ETA 10 seconds
  draws  210/256 | elapsed 27 seconds | ETA 6 seconds
  draws  240/256 | elapsed 30 seconds | ETA 2 seconds
  draws  256/256 | elapsed 32 seconds | ETA 0 seconds
  checkpointed posterior in dpm2_gauss_hierarchical-dataset-0026.pt
  KDE global mode (draw 133) fixed; ascending 3 local coordinates for 20 subjects (20 levels, sigma_start=0.582)
  saved dpm2_gauss_hierarchical-dataset-0026.pt; joint MAP candidate 133
[28/100] dataset 27
  DPM-Solver-2 + hierarchical Gaussian (GAUSS): sampling 256 draws in 43 batches (draw batch=6, subjects=20)
  draws    6/256 | elapsed 5 seconds | ETA 3.4 minutes
  draws   30/256 | elapsed 8 seconds | ETA 57 seconds
  draws   60/256 | elapsed 11 seconds | ETA 35 seconds
  draws   90/256 | elapsed 14 seconds | ETA 26 seconds
  draws  120/256 | elapsed 17 seconds | ETA 20 seconds
  draws  150/256 | elapsed 20 seconds | ETA 14 seconds
  draws  180/256 | elapsed 24 seconds | ETA 10 seconds
  draws  210/256 | elapsed 27 seconds | ETA 6 seconds
  draws  240/256 | elapsed 30 seconds | ETA 2 seconds
  draws  256/256 | elapsed 32 seconds | ETA 0 seconds
  checkpointed posterior in dpm2_gauss_hierarchical-dataset-0027.pt
  KDE global mode (draw 129) fixed; ascending 3 local coordinates for 20 subjects (20 levels, sigma_start=0.687)
  saved dpm2_gauss_hierarchical-dataset-0027.pt; joint MAP candidate 129
[29/100] dataset 28
  DPM-Solver-2 + hierarchical Gaussian (GAUSS): sampling 256 draws in 43 batches (draw batch=6, subjects=20)
  draws    6/256 | elapsed 5 seconds | ETA 3.4 minutes
  draws   30/256 | elapsed 7 seconds | ETA 56 seconds
  draws   60/256 | elapsed 11 seconds | ETA 35 seconds
  draws   90/256 | elapsed 14 seconds | ETA 26 seconds
  draws  120/256 | elapsed 17 seconds | ETA 19 seconds
  draws  150/256 | elapsed 20 seconds | ETA 14 seconds
  draws  180/256 | elapsed 24 seconds | ETA 10 seconds
  draws  210/256 | elapsed 27 seconds | ETA 6 seconds
  draws  240/256 | elapsed 30 seconds | ETA 2 seconds
  draws  256/256 | elapsed 32 seconds | ETA 0 seconds
  checkpointed posterior in dpm2_gauss_hierarchical-dataset-0028.pt
  KDE global mode (draw 112) fixed; ascending 3 local coordinates for 20 subjects (20 levels, sigma_start=0.638)
  saved dpm2_gauss_hierarchical-dataset-0028.pt; joint MAP candidate 112
[30/100] dataset 29
  DPM-Solver-2 + hierarchical Gaussian (GAUSS): sampling 256 draws in 43 batches (draw batch=6, subjects=20)
  draws    6/256 | elapsed 5 seconds | ETA 3.4 minutes
  draws   30/256 | elapsed 7 seconds | ETA 56 seconds
  draws   60/256 | elapsed 11 seconds | ETA 35 seconds
  draws   90/256 | elapsed 14 seconds | ETA 26 seconds
  draws  120/256 | elapsed 17 seconds | ETA 20 seconds
  draws  150/256 | elapsed 21 seconds | ETA 15 seconds
  draws  180/256 | elapsed 24 seconds | ETA 10 seconds
  draws  210/256 | elapsed 27 seconds | ETA 6 seconds
  draws  240/256 | elapsed 30 seconds | ETA 2 seconds
  draws  256/256 | elapsed 32 seconds | ETA 0 seconds
  checkpointed posterior in dpm2_gauss_hierarchical-dataset-0029.pt
  KDE global mode (draw 164) fixed; ascending 3 local coordinates for 20 subjects (20 levels, sigma_start=0.902)
  saved dpm2_gauss_hierarchical-dataset-0029.pt; joint MAP candidate 164
[31/100] dataset 30
  DPM-Solver-2 + hierarchical Gaussian (GAUSS): sampling 256 draws in 43 batches (draw batch=6, subjects=20)
  draws    6/256 | elapsed 5 seconds | ETA 3.4 minutes
  draws   30/256 | elapsed 8 seconds | ETA 57 seconds
  draws   60/256 | elapsed 11 seconds | ETA 35 seconds
  draws   90/256 | elapsed 14 seconds | ETA 26 seconds
  draws  120/256 | elapsed 17 seconds | ETA 19 seconds
  draws  150/256 | elapsed 20 seconds | ETA 14 seconds
  draws  180/256 | elapsed 24 seconds | ETA 10 seconds
  draws  210/256 | elapsed 27 seconds | ETA 6 seconds
  draws  240/256 | elapsed 30 seconds | ETA 2 seconds
  draws  256/256 | elapsed 32 seconds | ETA 0 seconds
  checkpointed posterior in dpm2_gauss_hierarchical-dataset-0030.pt
  KDE global mode (draw 28) fixed; ascending 3 local coordinates for 20 subjects (20 levels, sigma_start=0.734)
  saved dpm2_gauss_hierarchical-dataset-0030.pt; joint MAP candidate 28
[32/100] dataset 31
  DPM-Solver-2 + hierarchical Gaussian (GAUSS): sampling 256 draws in 43 batches (draw batch=6, subjects=20)
  draws    6/256 | elapsed 5 seconds | ETA 3.4 minutes
  draws   30/256 | elapsed 7 seconds | ETA 56 seconds
  draws   60/256 | elapsed 11 seconds | ETA 35 seconds
  draws   90/256 | elapsed 14 seconds | ETA 26 seconds
  draws  120/256 | elapsed 17 seconds | ETA 19 seconds
  draws  150/256 | elapsed 20 seconds | ETA 14 seconds
  draws  180/256 | elapsed 24 seconds | ETA 10 seconds
  draws  210/256 | elapsed 27 seconds | ETA 6 seconds
  draws  240/256 | elapsed 30 seconds | ETA 2 seconds
  draws  256/256 | elapsed 32 seconds | ETA 0 seconds
  checkpointed posterior in dpm2_gauss_hierarchical-dataset-0031.pt
  KDE global mode (draw 76) fixed; ascending 3 local coordinates for 20 subjects (20 levels, sigma_start=1.04)
  saved dpm2_gauss_hierarchical-dataset-0031.pt; joint MAP candidate 76
[33/100] dataset 32
  DPM-Solver-2 + hierarchical Gaussian (GAUSS): sampling 256 draws in 43 batches (draw batch=6, subjects=20)
  draws    6/256 | elapsed 5 seconds | ETA 3.4 minutes
  draws   30/256 | elapsed 7 seconds | ETA 56 seconds
  draws   60/256 | elapsed 11 seconds | ETA 35 seconds
  draws   90/256 | elapsed 14 seconds | ETA 26 seconds
  draws  120/256 | elapsed 17 seconds | ETA 20 seconds
  draws  150/256 | elapsed 20 seconds | ETA 14 seconds
  draws  180/256 | elapsed 24 seconds | ETA 10 seconds
  draws  210/256 | elapsed 27 seconds | ETA 6 seconds
  draws  240/256 | elapsed 30 seconds | ETA 2 seconds
  draws  256/256 | elapsed 32 seconds | ETA 0 seconds
  checkpointed posterior in dpm2_gauss_hierarchical-dataset-0032.pt
  KDE global mode (draw 17) fixed; ascending 3 local coordinates for 20 subjects (20 levels, sigma_start=0.697)
  saved dpm2_gauss_hierarchical-dataset-0032.pt; joint MAP candidate 17
[34/100] dataset 33
  DPM-Solver-2 + hierarchical Gaussian (GAUSS): sampling 256 draws in 43 batches (draw batch=6, subjects=20)
  draws    6/256 | elapsed 5 seconds | ETA 3.4 minutes
  draws   30/256 | elapsed 8 seconds | ETA 57 seconds
  draws   60/256 | elapsed 11 seconds | ETA 35 seconds
  draws   90/256 | elapsed 14 seconds | ETA 26 seconds
  draws  120/256 | elapsed 17 seconds | ETA 20 seconds
  draws  150/256 | elapsed 21 seconds | ETA 15 seconds
  draws  180/256 | elapsed 24 seconds | ETA 10 seconds
  draws  210/256 | elapsed 27 seconds | ETA 6 seconds
  draws  240/256 | elapsed 30 seconds | ETA 2 seconds
  draws  256/256 | elapsed 32 seconds | ETA 0 seconds
  checkpointed posterior in dpm2_gauss_hierarchical-dataset-0033.pt
  KDE global mode (draw 206) fixed; ascending 3 local coordinates for 20 subjects (20 levels, sigma_start=0.61)
  saved dpm2_gauss_hierarchical-dataset-0033.pt; joint MAP candidate 206
[35/100] dataset 34
  DPM-Solver-2 + hierarchical Gaussian (GAUSS): sampling 256 draws in 43 batches (draw batch=6, subjects=20)
  draws    6/256 | elapsed 5 seconds | ETA 3.4 minutes
  draws   30/256 | elapsed 7 seconds | ETA 56 seconds
  draws   60/256 | elapsed 11 seconds | ETA 35 seconds
  draws   90/256 | elapsed 14 seconds | ETA 26 seconds
  draws  120/256 | elapsed 17 seconds | ETA 19 seconds
  draws  150/256 | elapsed 20 seconds | ETA 14 seconds
  draws  180/256 | elapsed 24 seconds | ETA 10 seconds
  draws  210/256 | elapsed 27 seconds | ETA 6 seconds
  draws  240/256 | elapsed 30 seconds | ETA 2 seconds
  draws  256/256 | elapsed 32 seconds | ETA 0 seconds
  checkpointed posterior in dpm2_gauss_hierarchical-dataset-0034.pt
  KDE global mode (draw 252) fixed; ascending 3 local coordinates for 20 subjects (20 levels, sigma_start=0.759)
  saved dpm2_gauss_hierarchical-dataset-0034.pt; joint MAP candidate 252
[36/100] dataset 35
  DPM-Solver-2 + hierarchical Gaussian (GAUSS): sampling 256 draws in 43 batches (draw batch=6, subjects=20)
  draws    6/256 | elapsed 5 seconds | ETA 3.4 minutes
  draws   30/256 | elapsed 7 seconds | ETA 56 seconds
  draws   60/256 | elapsed 11 seconds | ETA 35 seconds
  draws   90/256 | elapsed 14 seconds | ETA 26 seconds
  draws  120/256 | elapsed 17 seconds | ETA 20 seconds
  draws  150/256 | elapsed 21 seconds | ETA 14 seconds
  draws  180/256 | elapsed 24 seconds | ETA 10 seconds
  draws  210/256 | elapsed 27 seconds | ETA 6 seconds
  draws  240/256 | elapsed 30 seconds | ETA 2 seconds
  draws  256/256 | elapsed 32 seconds | ETA 0 seconds
  checkpointed posterior in dpm2_gauss_hierarchical-dataset-0035.pt
  KDE global mode (draw 65) fixed; ascending 3 local coordinates for 20 subjects (20 levels, sigma_start=0.63)
  saved dpm2_gauss_hierarchical-dataset-0035.pt; joint MAP candidate 65
[37/100] dataset 36
  DPM-Solver-2 + hierarchical Gaussian (GAUSS): sampling 256 draws in 43 batches (draw batch=6, subjects=20)
  draws    6/256 | elapsed 5 seconds | ETA 3.4 minutes
  draws   30/256 | elapsed 7 seconds | ETA 56 seconds
  draws   60/256 | elapsed 11 seconds | ETA 35 seconds
  draws   90/256 | elapsed 14 seconds | ETA 26 seconds
  draws  120/256 | elapsed 17 seconds | ETA 19 seconds
  draws  150/256 | elapsed 20 seconds | ETA 14 seconds
  draws  180/256 | elapsed 24 seconds | ETA 10 seconds
  draws  210/256 | elapsed 27 seconds | ETA 6 seconds
  draws  240/256 | elapsed 30 seconds | ETA 2 seconds
  draws  256/256 | elapsed 32 seconds | ETA 0 seconds
  checkpointed posterior in dpm2_gauss_hierarchical-dataset-0036.pt
  KDE global mode (draw 83) fixed; ascending 3 local coordinates for 20 subjects (20 levels, sigma_start=0.57)
  saved dpm2_gauss_hierarchical-dataset-0036.pt; joint MAP candidate 83
[38/100] dataset 37
  DPM-Solver-2 + hierarchical Gaussian (GAUSS): sampling 256 draws in 43 batches (draw batch=6, subjects=20)
  draws    6/256 | elapsed 5 seconds | ETA 3.4 minutes
  draws   30/256 | elapsed 7 seconds | ETA 56 seconds
  draws   60/256 | elapsed 11 seconds | ETA 35 seconds
  draws   90/256 | elapsed 14 seconds | ETA 26 seconds
  draws  120/256 | elapsed 17 seconds | ETA 20 seconds
  draws  150/256 | elapsed 20 seconds | ETA 14 seconds
  draws  180/256 | elapsed 24 seconds | ETA 10 seconds
  draws  210/256 | elapsed 27 seconds | ETA 6 seconds
  draws  240/256 | elapsed 30 seconds | ETA 2 seconds
  draws  256/256 | elapsed 32 seconds | ETA 0 seconds
  checkpointed posterior in dpm2_gauss_hierarchical-dataset-0037.pt
  KDE global mode (draw 151) fixed; ascending 3 local coordinates for 20 subjects (20 levels, sigma_start=0.739)
  saved dpm2_gauss_hierarchical-dataset-0037.pt; joint MAP candidate 151
[39/100] dataset 38
  DPM-Solver-2 + hierarchical Gaussian (GAUSS): sampling 256 draws in 43 batches (draw batch=6, subjects=20)
  draws    6/256 | elapsed 5 seconds | ETA 3.4 minutes
  draws   30/256 | elapsed 7 seconds | ETA 56 seconds
  draws   60/256 | elapsed 11 seconds | ETA 35 seconds
  draws   90/256 | elapsed 14 seconds | ETA 26 seconds
  draws  120/256 | elapsed 17 seconds | ETA 19 seconds
  draws  150/256 | elapsed 20 seconds | ETA 14 seconds
  draws  180/256 | elapsed 24 seconds | ETA 10 seconds
  draws  210/256 | elapsed 27 seconds | ETA 6 seconds
  draws  240/256 | elapsed 30 seconds | ETA 2 seconds
  draws  256/256 | elapsed 32 seconds | ETA 0 seconds
  checkpointed posterior in dpm2_gauss_hierarchical-dataset-0038.pt
  KDE global mode (draw 53) fixed; ascending 3 local coordinates for 20 subjects (20 levels, sigma_start=0.636)
  saved dpm2_gauss_hierarchical-dataset-0038.pt; joint MAP candidate 53
[40/100] dataset 39
  DPM-Solver-2 + hierarchical Gaussian (GAUSS): sampling 256 draws in 43 batches (draw batch=6, subjects=20)
  draws    6/256 | elapsed 5 seconds | ETA 3.4 minutes
  draws   30/256 | elapsed 7 seconds | ETA 56 seconds
  draws   60/256 | elapsed 11 seconds | ETA 35 seconds
  draws   90/256 | elapsed 14 seconds | ETA 26 seconds
  draws  120/256 | elapsed 17 seconds | ETA 20 seconds
  draws  150/256 | elapsed 20 seconds | ETA 14 seconds
  draws  180/256 | elapsed 24 seconds | ETA 10 seconds
  draws  210/256 | elapsed 27 seconds | ETA 6 seconds
  draws  240/256 | elapsed 30 seconds | ETA 2 seconds
  draws  256/256 | elapsed 32 seconds | ETA 0 seconds
  checkpointed posterior in dpm2_gauss_hierarchical-dataset-0039.pt
  KDE global mode (draw 173) fixed; ascending 3 local coordinates for 20 subjects (20 levels, sigma_start=0.699)
  saved dpm2_gauss_hierarchical-dataset-0039.pt; joint MAP candidate 173
[41/100] dataset 40
  DPM-Solver-2 + hierarchical Gaussian (GAUSS): sampling 256 draws in 43 batches (draw batch=6, subjects=20)
  draws    6/256 | elapsed 5 seconds | ETA 3.4 minutes
  draws   30/256 | elapsed 7 seconds | ETA 56 seconds
  draws   60/256 | elapsed 11 seconds | ETA 35 seconds
  draws   90/256 | elapsed 14 seconds | ETA 26 seconds
  draws  120/256 | elapsed 17 seconds | ETA 20 seconds
  draws  150/256 | elapsed 20 seconds | ETA 14 seconds
  draws  180/256 | elapsed 24 seconds | ETA 10 seconds
  draws  210/256 | elapsed 27 seconds | ETA 6 seconds
  draws  240/256 | elapsed 30 seconds | ETA 2 seconds
  draws  256/256 | elapsed 32 seconds | ETA 0 seconds
  checkpointed posterior in dpm2_gauss_hierarchical-dataset-0040.pt
  KDE global mode (draw 1) fixed; ascending 3 local coordinates for 20 subjects (20 levels, sigma_start=0.683)
  saved dpm2_gauss_hierarchical-dataset-0040.pt; joint MAP candidate 1
[42/100] dataset 41
  DPM-Solver-2 + hierarchical Gaussian (GAUSS): sampling 256 draws in 43 batches (draw batch=6, subjects=20)
  draws    6/256 | elapsed 5 seconds | ETA 3.4 minutes
  draws   30/256 | elapsed 7 seconds | ETA 56 seconds
  draws   60/256 | elapsed 11 seconds | ETA 35 seconds
  draws   90/256 | elapsed 14 seconds | ETA 26 seconds
  draws  120/256 | elapsed 17 seconds | ETA 20 seconds
  draws  150/256 | elapsed 20 seconds | ETA 14 seconds
  draws  180/256 | elapsed 24 seconds | ETA 10 seconds
  draws  210/256 | elapsed 27 seconds | ETA 6 seconds
  draws  240/256 | elapsed 30 seconds | ETA 2 seconds
  draws  256/256 | elapsed 32 seconds | ETA 0 seconds
  checkpointed posterior in dpm2_gauss_hierarchical-dataset-0041.pt
  KDE global mode (draw 158) fixed; ascending 3 local coordinates for 20 subjects (20 levels, sigma_start=1.11)
  saved dpm2_gauss_hierarchical-dataset-0041.pt; joint MAP candidate 158
[43/100] dataset 42
  DPM-Solver-2 + hierarchical Gaussian (GAUSS): sampling 256 draws in 43 batches (draw batch=6, subjects=20)
  draws    6/256 | elapsed 5 seconds | ETA 3.4 minutes
  draws   30/256 | elapsed 7 seconds | ETA 56 seconds
  draws   60/256 | elapsed 11 seconds | ETA 35 seconds
  draws   90/256 | elapsed 14 seconds | ETA 26 seconds
  draws  120/256 | elapsed 17 seconds | ETA 19 seconds
  draws  150/256 | elapsed 20 seconds | ETA 14 seconds
  draws  180/256 | elapsed 24 seconds | ETA 10 seconds
  draws  210/256 | elapsed 27 seconds | ETA 6 seconds
  draws  240/256 | elapsed 30 seconds | ETA 2 seconds
  draws  256/256 | elapsed 32 seconds | ETA 0 seconds
  checkpointed posterior in dpm2_gauss_hierarchical-dataset-0042.pt
  KDE global mode (draw 29) fixed; ascending 3 local coordinates for 20 subjects (20 levels, sigma_start=0.697)
  saved dpm2_gauss_hierarchical-dataset-0042.pt; joint MAP candidate 29
[44/100] dataset 43
  DPM-Solver-2 + hierarchical Gaussian (GAUSS): sampling 256 draws in 43 batches (draw batch=6, subjects=20)
  draws    6/256 | elapsed 5 seconds | ETA 3.4 minutes
  draws   30/256 | elapsed 7 seconds | ETA 56 seconds
  draws   60/256 | elapsed 11 seconds | ETA 35 seconds
  draws   90/256 | elapsed 14 seconds | ETA 26 seconds
  draws  120/256 | elapsed 17 seconds | ETA 19 seconds
  draws  150/256 | elapsed 20 seconds | ETA 14 seconds
  draws  180/256 | elapsed 24 seconds | ETA 10 seconds
  draws  210/256 | elapsed 27 seconds | ETA 6 seconds
  draws  240/256 | elapsed 30 seconds | ETA 2 seconds
  draws  256/256 | elapsed 32 seconds | ETA 0 seconds
  checkpointed posterior in dpm2_gauss_hierarchical-dataset-0043.pt
  KDE global mode (draw 75) fixed; ascending 3 local coordinates for 20 subjects (20 levels, sigma_start=0.992)
  saved dpm2_gauss_hierarchical-dataset-0043.pt; joint MAP candidate 75
[45/100] dataset 44
  DPM-Solver-2 + hierarchical Gaussian (GAUSS): sampling 256 draws in 43 batches (draw batch=6, subjects=20)
  draws    6/256 | elapsed 5 seconds | ETA 3.4 minutes
  draws   30/256 | elapsed 7 seconds | ETA 56 seconds
  draws   60/256 | elapsed 11 seconds | ETA 35 seconds
  draws   90/256 | elapsed 14 seconds | ETA 26 seconds
  draws  120/256 | elapsed 17 seconds | ETA 19 seconds
  draws  150/256 | elapsed 20 seconds | ETA 14 seconds
  draws  180/256 | elapsed 24 seconds | ETA 10 seconds
  draws  210/256 | elapsed 27 seconds | ETA 6 seconds
  draws  240/256 | elapsed 30 seconds | ETA 2 seconds
  draws  256/256 | elapsed 32 seconds | ETA 0 seconds
  checkpointed posterior in dpm2_gauss_hierarchical-dataset-0044.pt
  KDE global mode (draw 173) fixed; ascending 3 local coordinates for 20 subjects (20 levels, sigma_start=0.66)
  saved dpm2_gauss_hierarchical-dataset-0044.pt; joint MAP candidate 173
[46/100] dataset 45
  DPM-Solver-2 + hierarchical Gaussian (GAUSS): sampling 256 draws in 43 batches (draw batch=6, subjects=20)
  draws    6/256 | elapsed 5 seconds | ETA 3.4 minutes
  draws   30/256 | elapsed 7 seconds | ETA 56 seconds
  draws   60/256 | elapsed 11 seconds | ETA 35 seconds
  draws   90/256 | elapsed 14 seconds | ETA 26 seconds
  draws  120/256 | elapsed 17 seconds | ETA 19 seconds
  draws  150/256 | elapsed 20 seconds | ETA 14 seconds
  draws  180/256 | elapsed 24 seconds | ETA 10 seconds
  draws  210/256 | elapsed 27 seconds | ETA 6 seconds
  draws  240/256 | elapsed 30 seconds | ETA 2 seconds
  draws  256/256 | elapsed 32 seconds | ETA 0 seconds
  checkpointed posterior in dpm2_gauss_hierarchical-dataset-0045.pt
  KDE global mode (draw 184) fixed; ascending 3 local coordinates for 20 subjects (20 levels, sigma_start=0.629)
  saved dpm2_gauss_hierarchical-dataset-0045.pt; joint MAP candidate 184
[47/100] dataset 46
  DPM-Solver-2 + hierarchical Gaussian (GAUSS): sampling 256 draws in 43 batches (draw batch=6, subjects=20)
  draws    6/256 | elapsed 5 seconds | ETA 3.4 minutes
  draws   30/256 | elapsed 7 seconds | ETA 56 seconds
  draws   60/256 | elapsed 11 seconds | ETA 35 seconds
  draws   90/256 | elapsed 14 seconds | ETA 26 seconds
  draws  120/256 | elapsed 17 seconds | ETA 19 seconds
  draws  150/256 | elapsed 20 seconds | ETA 14 seconds
  draws  180/256 | elapsed 24 seconds | ETA 10 seconds
  draws  210/256 | elapsed 27 seconds | ETA 6 seconds
  draws  240/256 | elapsed 30 seconds | ETA 2 seconds
  draws  256/256 | elapsed 32 seconds | ETA 0 seconds
  checkpointed posterior in dpm2_gauss_hierarchical-dataset-0046.pt
  KDE global mode (draw 70) fixed; ascending 3 local coordinates for 20 subjects (20 levels, sigma_start=1.22)
  saved dpm2_gauss_hierarchical-dataset-0046.pt; joint MAP candidate 70
[48/100] dataset 47
  DPM-Solver-2 + hierarchical Gaussian (GAUSS): sampling 256 draws in 43 batches (draw batch=6, subjects=20)
  draws    6/256 | elapsed 5 seconds | ETA 3.4 minutes
  draws   30/256 | elapsed 7 seconds | ETA 56 seconds
  draws   60/256 | elapsed 11 seconds | ETA 35 seconds
  draws   90/256 | elapsed 14 seconds | ETA 26 seconds
  draws  120/256 | elapsed 17 seconds | ETA 19 seconds
  draws  150/256 | elapsed 20 seconds | ETA 14 seconds
  draws  180/256 | elapsed 24 seconds | ETA 10 seconds
  draws  210/256 | elapsed 27 seconds | ETA 6 seconds
  draws  240/256 | elapsed 30 seconds | ETA 2 seconds
  draws  256/256 | elapsed 32 seconds | ETA 0 seconds
  checkpointed posterior in dpm2_gauss_hierarchical-dataset-0047.pt
  KDE global mode (draw 203) fixed; ascending 3 local coordinates for 20 subjects (20 levels, sigma_start=0.704)
  saved dpm2_gauss_hierarchical-dataset-0047.pt; joint MAP candidate 203
[49/100] dataset 48
  DPM-Solver-2 + hierarchical Gaussian (GAUSS): sampling 256 draws in 43 batches (draw batch=6, subjects=20)
  draws    6/256 | elapsed 5 seconds | ETA 3.4 minutes
  draws   30/256 | elapsed 7 seconds | ETA 56 seconds
  draws   60/256 | elapsed 11 seconds | ETA 35 seconds
  draws   90/256 | elapsed 14 seconds | ETA 26 seconds
  draws  120/256 | elapsed 17 seconds | ETA 19 seconds
  draws  150/256 | elapsed 20 seconds | ETA 14 seconds
  draws  180/256 | elapsed 24 seconds | ETA 10 seconds
  draws  210/256 | elapsed 27 seconds | ETA 6 seconds
  draws  240/256 | elapsed 30 seconds | ETA 2 seconds
  draws  256/256 | elapsed 32 seconds | ETA 0 seconds
  checkpointed posterior in dpm2_gauss_hierarchical-dataset-0048.pt
  KDE global mode (draw 30) fixed; ascending 3 local coordinates for 20 subjects (20 levels, sigma_start=1.05)
  saved dpm2_gauss_hierarchical-dataset-0048.pt; joint MAP candidate 30
[50/100] dataset 49
  DPM-Solver-2 + hierarchical Gaussian (GAUSS): sampling 256 draws in 43 batches (draw batch=6, subjects=20)
  draws    6/256 | elapsed 5 seconds | ETA 3.4 minutes
  draws   30/256 | elapsed 7 seconds | ETA 56 seconds
  draws   60/256 | elapsed 11 seconds | ETA 35 seconds
  draws   90/256 | elapsed 14 seconds | ETA 26 seconds
  draws  120/256 | elapsed 17 seconds | ETA 19 seconds
  draws  150/256 | elapsed 20 seconds | ETA 14 seconds
  draws  180/256 | elapsed 24 seconds | ETA 10 seconds
  draws  210/256 | elapsed 27 seconds | ETA 6 seconds
  draws  240/256 | elapsed 30 seconds | ETA 2 seconds
  draws  256/256 | elapsed 32 seconds | ETA 0 seconds
  checkpointed posterior in dpm2_gauss_hierarchical-dataset-0049.pt
  KDE global mode (draw 123) fixed; ascending 3 local coordinates for 20 subjects (20 levels, sigma_start=0.605)
  saved dpm2_gauss_hierarchical-dataset-0049.pt; joint MAP candidate 123
[51/100] dataset 50
  DPM-Solver-2 + hierarchical Gaussian (GAUSS): sampling 256 draws in 43 batches (draw batch=6, subjects=20)
  draws    6/256 | elapsed 5 seconds | ETA 3.4 minutes
  draws   30/256 | elapsed 7 seconds | ETA 56 seconds
  draws   60/256 | elapsed 11 seconds | ETA 35 seconds
  draws   90/256 | elapsed 14 seconds | ETA 26 seconds
  draws  120/256 | elapsed 17 seconds | ETA 20 seconds
  draws  150/256 | elapsed 21 seconds | ETA 15 seconds
  draws  180/256 | elapsed 24 seconds | ETA 10 seconds
  draws  210/256 | elapsed 27 seconds | ETA 6 seconds
  draws  240/256 | elapsed 30 seconds | ETA 2 seconds
  draws  256/256 | elapsed 32 seconds | ETA 0 seconds
  checkpointed posterior in dpm2_gauss_hierarchical-dataset-0050.pt
  KDE global mode (draw 107) fixed; ascending 3 local coordinates for 20 subjects (20 levels, sigma_start=0.686)
  saved dpm2_gauss_hierarchical-dataset-0050.pt; joint MAP candidate 107
[52/100] dataset 51
  DPM-Solver-2 + hierarchical Gaussian (GAUSS): sampling 256 draws in 43 batches (draw batch=6, subjects=20)
  draws    6/256 | elapsed 5 seconds | ETA 3.4 minutes
  draws   30/256 | elapsed 7 seconds | ETA 56 seconds
  draws   60/256 | elapsed 11 seconds | ETA 35 seconds
  draws   90/256 | elapsed 14 seconds | ETA 26 seconds
  draws  120/256 | elapsed 17 seconds | ETA 19 seconds
  draws  150/256 | elapsed 20 seconds | ETA 14 seconds
  draws  180/256 | elapsed 24 seconds | ETA 10 seconds
  draws  210/256 | elapsed 27 seconds | ETA 6 seconds
  draws  240/256 | elapsed 30 seconds | ETA 2 seconds
  draws  256/256 | elapsed 32 seconds | ETA 0 seconds
  checkpointed posterior in dpm2_gauss_hierarchical-dataset-0051.pt
  KDE global mode (draw 111) fixed; ascending 3 local coordinates for 20 subjects (20 levels, sigma_start=0.743)
  saved dpm2_gauss_hierarchical-dataset-0051.pt; joint MAP candidate 111
[53/100] dataset 52
  DPM-Solver-2 + hierarchical Gaussian (GAUSS): sampling 256 draws in 43 batches (draw batch=6, subjects=20)
  draws    6/256 | elapsed 5 seconds | ETA 3.4 minutes
  draws   30/256 | elapsed 7 seconds | ETA 56 seconds
  draws   60/256 | elapsed 11 seconds | ETA 35 seconds
  draws   90/256 | elapsed 14 seconds | ETA 26 seconds
  draws  120/256 | elapsed 17 seconds | ETA 19 seconds
  draws  150/256 | elapsed 20 seconds | ETA 14 seconds
  draws  180/256 | elapsed 24 seconds | ETA 10 seconds
  draws  210/256 | elapsed 27 seconds | ETA 6 seconds
  draws  240/256 | elapsed 30 seconds | ETA 2 seconds
  draws  256/256 | elapsed 32 seconds | ETA 0 seconds
  checkpointed posterior in dpm2_gauss_hierarchical-dataset-0052.pt
  KDE global mode (draw 143) fixed; ascending 3 local coordinates for 20 subjects (20 levels, sigma_start=0.658)
  saved dpm2_gauss_hierarchical-dataset-0052.pt; joint MAP candidate 143
[54/100] dataset 53
  DPM-Solver-2 + hierarchical Gaussian (GAUSS): sampling 256 draws in 43 batches (draw batch=6, subjects=20)
  draws    6/256 | elapsed 5 seconds | ETA 3.4 minutes
  draws   30/256 | elapsed 8 seconds | ETA 57 seconds
  draws   60/256 | elapsed 11 seconds | ETA 35 seconds
  draws   90/256 | elapsed 14 seconds | ETA 26 seconds
  draws  120/256 | elapsed 17 seconds | ETA 20 seconds
  draws  150/256 | elapsed 20 seconds | ETA 14 seconds
  draws  180/256 | elapsed 24 seconds | ETA 10 seconds
  draws  210/256 | elapsed 27 seconds | ETA 6 seconds
  draws  240/256 | elapsed 30 seconds | ETA 2 seconds
  draws  256/256 | elapsed 32 seconds | ETA 0 seconds
  checkpointed posterior in dpm2_gauss_hierarchical-dataset-0053.pt
  KDE global mode (draw 174) fixed; ascending 3 local coordinates for 20 subjects (20 levels, sigma_start=0.698)
  saved dpm2_gauss_hierarchical-dataset-0053.pt; joint MAP candidate 174
[55/100] dataset 54
  DPM-Solver-2 + hierarchical Gaussian (GAUSS): sampling 256 draws in 43 batches (draw batch=6, subjects=20)
  draws    6/256 | elapsed 5 seconds | ETA 3.4 minutes
  draws   30/256 | elapsed 7 seconds | ETA 56 seconds
  draws   60/256 | elapsed 11 seconds | ETA 35 seconds
  draws   90/256 | elapsed 14 seconds | ETA 26 seconds
  draws  120/256 | elapsed 17 seconds | ETA 20 seconds
  draws  150/256 | elapsed 20 seconds | ETA 14 seconds
  draws  180/256 | elapsed 24 seconds | ETA 10 seconds
  draws  210/256 | elapsed 27 seconds | ETA 6 seconds
  draws  240/256 | elapsed 30 seconds | ETA 2 seconds
  draws  256/256 | elapsed 32 seconds | ETA 0 seconds
  checkpointed posterior in dpm2_gauss_hierarchical-dataset-0054.pt
  KDE global mode (draw 221) fixed; ascending 3 local coordinates for 20 subjects (20 levels, sigma_start=0.62)
  saved dpm2_gauss_hierarchical-dataset-0054.pt; joint MAP candidate 221
[56/100] dataset 55
  DPM-Solver-2 + hierarchical Gaussian (GAUSS): sampling 256 draws in 43 batches (draw batch=6, subjects=20)
  draws    6/256 | elapsed 5 seconds | ETA 3.4 minutes
  draws   30/256 | elapsed 7 seconds | ETA 56 seconds
  draws   60/256 | elapsed 11 seconds | ETA 35 seconds
  draws   90/256 | elapsed 14 seconds | ETA 26 seconds
  draws  120/256 | elapsed 17 seconds | ETA 19 seconds
  draws  150/256 | elapsed 20 seconds | ETA 14 seconds
  draws  180/256 | elapsed 24 seconds | ETA 10 seconds
  draws  210/256 | elapsed 27 seconds | ETA 6 seconds
  draws  240/256 | elapsed 30 seconds | ETA 2 seconds
  draws  256/256 | elapsed 32 seconds | ETA 0 seconds
  checkpointed posterior in dpm2_gauss_hierarchical-dataset-0055.pt
  KDE global mode (draw 1) fixed; ascending 3 local coordinates for 20 subjects (20 levels, sigma_start=0.817)
  saved dpm2_gauss_hierarchical-dataset-0055.pt; joint MAP candidate 1
[57/100] dataset 56
  DPM-Solver-2 + hierarchical Gaussian (GAUSS): sampling 256 draws in 43 batches (draw batch=6, subjects=20)
  draws    6/256 | elapsed 5 seconds | ETA 3.4 minutes
  draws   30/256 | elapsed 7 seconds | ETA 56 seconds
  draws   60/256 | elapsed 11 seconds | ETA 35 seconds
  draws   90/256 | elapsed 14 seconds | ETA 26 seconds
  draws  120/256 | elapsed 17 seconds | ETA 20 seconds
  draws  150/256 | elapsed 20 seconds | ETA 14 seconds
  draws  180/256 | elapsed 24 seconds | ETA 10 seconds
  draws  210/256 | elapsed 27 seconds | ETA 6 seconds
  draws  240/256 | elapsed 30 seconds | ETA 2 seconds
  draws  256/256 | elapsed 32 seconds | ETA 0 seconds
  checkpointed posterior in dpm2_gauss_hierarchical-dataset-0056.pt
  KDE global mode (draw 43) fixed; ascending 3 local coordinates for 20 subjects (20 levels, sigma_start=0.673)
  saved dpm2_gauss_hierarchical-dataset-0056.pt; joint MAP candidate 43
[58/100] dataset 57
  DPM-Solver-2 + hierarchical Gaussian (GAUSS): sampling 256 draws in 43 batches (draw batch=6, subjects=20)
  draws    6/256 | elapsed 5 seconds | ETA 3.4 minutes
  draws   30/256 | elapsed 7 seconds | ETA 56 seconds
  draws   60/256 | elapsed 11 seconds | ETA 35 seconds
  draws   90/256 | elapsed 14 seconds | ETA 26 seconds
  draws  120/256 | elapsed 17 seconds | ETA 19 seconds
  draws  150/256 | elapsed 20 seconds | ETA 14 seconds
  draws  180/256 | elapsed 24 seconds | ETA 10 seconds
  draws  210/256 | elapsed 27 seconds | ETA 6 seconds
  draws  240/256 | elapsed 30 seconds | ETA 2 seconds
  draws  256/256 | elapsed 32 seconds | ETA 0 seconds
  checkpointed posterior in dpm2_gauss_hierarchical-dataset-0057.pt
  KDE global mode (draw 125) fixed; ascending 3 local coordinates for 20 subjects (20 levels, sigma_start=0.694)
  saved dpm2_gauss_hierarchical-dataset-0057.pt; joint MAP candidate 125
[59/100] dataset 58
  DPM-Solver-2 + hierarchical Gaussian (GAUSS): sampling 256 draws in 43 batches (draw batch=6, subjects=20)
  draws    6/256 | elapsed 5 seconds | ETA 3.4 minutes
  draws   30/256 | elapsed 7 seconds | ETA 56 seconds
  draws   60/256 | elapsed 11 seconds | ETA 35 seconds
  draws   90/256 | elapsed 14 seconds | ETA 26 seconds
  draws  120/256 | elapsed 17 seconds | ETA 19 seconds
  draws  150/256 | elapsed 20 seconds | ETA 14 seconds
  draws  180/256 | elapsed 24 seconds | ETA 10 seconds
  draws  210/256 | elapsed 27 seconds | ETA 6 seconds
  draws  240/256 | elapsed 30 seconds | ETA 2 seconds
  draws  256/256 | elapsed 32 seconds | ETA 0 seconds
  checkpointed posterior in dpm2_gauss_hierarchical-dataset-0058.pt
  KDE global mode (draw 108) fixed; ascending 3 local coordinates for 20 subjects (20 levels, sigma_start=0.613)
  saved dpm2_gauss_hierarchical-dataset-0058.pt; joint MAP candidate 108
[60/100] dataset 59
  DPM-Solver-2 + hierarchical Gaussian (GAUSS): sampling 256 draws in 43 batches (draw batch=6, subjects=20)
  draws    6/256 | elapsed 5 seconds | ETA 3.4 minutes
  draws   30/256 | elapsed 7 seconds | ETA 56 seconds
  draws   60/256 | elapsed 11 seconds | ETA 35 seconds
  draws   90/256 | elapsed 14 seconds | ETA 26 seconds
  draws  120/256 | elapsed 17 seconds | ETA 20 seconds
  draws  150/256 | elapsed 20 seconds | ETA 14 seconds
  draws  180/256 | elapsed 24 seconds | ETA 10 seconds
  draws  210/256 | elapsed 27 seconds | ETA 6 seconds
  draws  240/256 | elapsed 30 seconds | ETA 2 seconds
  draws  256/256 | elapsed 32 seconds | ETA 0 seconds
  checkpointed posterior in dpm2_gauss_hierarchical-dataset-0059.pt
  KDE global mode (draw 147) fixed; ascending 3 local coordinates for 20 subjects (20 levels, sigma_start=0.704)
  saved dpm2_gauss_hierarchical-dataset-0059.pt; joint MAP candidate 147
[61/100] dataset 60
  DPM-Solver-2 + hierarchical Gaussian (GAUSS): sampling 256 draws in 43 batches (draw batch=6, subjects=20)
  draws    6/256 | elapsed 5 seconds | ETA 3.4 minutes
  draws   30/256 | elapsed 7 seconds | ETA 56 seconds
  draws   60/256 | elapsed 11 seconds | ETA 35 seconds
  draws   90/256 | elapsed 14 seconds | ETA 26 seconds
  draws  120/256 | elapsed 17 seconds | ETA 20 seconds
  draws  150/256 | elapsed 20 seconds | ETA 14 seconds
  draws  180/256 | elapsed 24 seconds | ETA 10 seconds
  draws  210/256 | elapsed 27 seconds | ETA 6 seconds
  draws  240/256 | elapsed 30 seconds | ETA 2 seconds
  draws  256/256 | elapsed 32 seconds | ETA 0 seconds
  checkpointed posterior in dpm2_gauss_hierarchical-dataset-0060.pt
  KDE global mode (draw 28) fixed; ascending 3 local coordinates for 20 subjects (20 levels, sigma_start=0.692)
  saved dpm2_gauss_hierarchical-dataset-0060.pt; joint MAP candidate 28
[62/100] dataset 61
  DPM-Solver-2 + hierarchical Gaussian (GAUSS): sampling 256 draws in 43 batches (draw batch=6, subjects=20)
  draws    6/256 | elapsed 5 seconds | ETA 3.4 minutes
  draws   30/256 | elapsed 7 seconds | ETA 56 seconds
  draws   60/256 | elapsed 11 seconds | ETA 35 seconds
  draws   90/256 | elapsed 14 seconds | ETA 26 seconds
  draws  120/256 | elapsed 17 seconds | ETA 19 seconds
  draws  150/256 | elapsed 20 seconds | ETA 14 seconds
  draws  180/256 | elapsed 24 seconds | ETA 10 seconds
  draws  210/256 | elapsed 27 seconds | ETA 6 seconds
  draws  240/256 | elapsed 30 seconds | ETA 2 seconds
  draws  256/256 | elapsed 32 seconds | ETA 0 seconds
  checkpointed posterior in dpm2_gauss_hierarchical-dataset-0061.pt
  KDE global mode (draw 61) fixed; ascending 3 local coordinates for 20 subjects (20 levels, sigma_start=0.576)
  saved dpm2_gauss_hierarchical-dataset-0061.pt; joint MAP candidate 61
[63/100] dataset 62
  DPM-Solver-2 + hierarchical Gaussian (GAUSS): sampling 256 draws in 43 batches (draw batch=6, subjects=20)
  draws    6/256 | elapsed 5 seconds | ETA 3.4 minutes
  draws   30/256 | elapsed 7 seconds | ETA 56 seconds
  draws   60/256 | elapsed 11 seconds | ETA 35 seconds
  draws   90/256 | elapsed 14 seconds | ETA 26 seconds
  draws  120/256 | elapsed 17 seconds | ETA 20 seconds
  draws  150/256 | elapsed 21 seconds | ETA 15 seconds
  draws  180/256 | elapsed 24 seconds | ETA 10 seconds
  draws  210/256 | elapsed 27 seconds | ETA 6 seconds
  draws  240/256 | elapsed 30 seconds | ETA 2 seconds
  draws  256/256 | elapsed 32 seconds | ETA 0 seconds
  checkpointed posterior in dpm2_gauss_hierarchical-dataset-0062.pt
  KDE global mode (draw 4) fixed; ascending 3 local coordinates for 20 subjects (20 levels, sigma_start=0.666)
  saved dpm2_gauss_hierarchical-dataset-0062.pt; joint MAP candidate 4
[64/100] dataset 63
  DPM-Solver-2 + hierarchical Gaussian (GAUSS): sampling 256 draws in 43 batches (draw batch=6, subjects=20)
  draws    6/256 | elapsed 5 seconds | ETA 3.4 minutes
  draws   30/256 | elapsed 8 seconds | ETA 57 seconds
  draws   60/256 | elapsed 11 seconds | ETA 35 seconds
  draws   90/256 | elapsed 14 seconds | ETA 26 seconds
  draws  120/256 | elapsed 17 seconds | ETA 20 seconds
  draws  150/256 | elapsed 20 seconds | ETA 14 seconds
  draws  180/256 | elapsed 24 seconds | ETA 10 seconds
  draws  210/256 | elapsed 27 seconds | ETA 6 seconds
  draws  240/256 | elapsed 30 seconds | ETA 2 seconds
  draws  256/256 | elapsed 32 seconds | ETA 0 seconds
  checkpointed posterior in dpm2_gauss_hierarchical-dataset-0063.pt
  KDE global mode (draw 130) fixed; ascending 3 local coordinates for 20 subjects (20 levels, sigma_start=0.796)
  saved dpm2_gauss_hierarchical-dataset-0063.pt; joint MAP candidate 130
[65/100] dataset 64
  DPM-Solver-2 + hierarchical Gaussian (GAUSS): sampling 256 draws in 43 batches (draw batch=6, subjects=20)
  draws    6/256 | elapsed 5 seconds | ETA 3.4 minutes
  draws   30/256 | elapsed 7 seconds | ETA 56 seconds
  draws   60/256 | elapsed 11 seconds | ETA 35 seconds
  draws   90/256 | elapsed 14 seconds | ETA 26 seconds
  draws  120/256 | elapsed 17 seconds | ETA 19 seconds
  draws  150/256 | elapsed 20 seconds | ETA 14 seconds
  draws  180/256 | elapsed 24 seconds | ETA 10 seconds
  draws  210/256 | elapsed 27 seconds | ETA 6 seconds
  draws  240/256 | elapsed 30 seconds | ETA 2 seconds
  draws  256/256 | elapsed 32 seconds | ETA 0 seconds
  checkpointed posterior in dpm2_gauss_hierarchical-dataset-0064.pt
  KDE global mode (draw 121) fixed; ascending 3 local coordinates for 20 subjects (20 levels, sigma_start=0.674)
  saved dpm2_gauss_hierarchical-dataset-0064.pt; joint MAP candidate 121
[66/100] dataset 65
  DPM-Solver-2 + hierarchical Gaussian (GAUSS): sampling 256 draws in 43 batches (draw batch=6, subjects=20)
  draws    6/256 | elapsed 5 seconds | ETA 3.4 minutes
  draws   30/256 | elapsed 7 seconds | ETA 56 seconds
  draws   60/256 | elapsed 11 seconds | ETA 35 seconds
  draws   90/256 | elapsed 14 seconds | ETA 26 seconds
  draws  120/256 | elapsed 17 seconds | ETA 19 seconds
  draws  150/256 | elapsed 20 seconds | ETA 14 seconds
  draws  180/256 | elapsed 24 seconds | ETA 10 seconds
  draws  210/256 | elapsed 27 seconds | ETA 6 seconds
  draws  240/256 | elapsed 30 seconds | ETA 2 seconds
  draws  256/256 | elapsed 32 seconds | ETA 0 seconds
  checkpointed posterior in dpm2_gauss_hierarchical-dataset-0065.pt
  KDE global mode (draw 51) fixed; ascending 3 local coordinates for 20 subjects (20 levels, sigma_start=0.646)
  saved dpm2_gauss_hierarchical-dataset-0065.pt; joint MAP candidate 51
[67/100] dataset 66
  DPM-Solver-2 + hierarchical Gaussian (GAUSS): sampling 256 draws in 43 batches (draw batch=6, subjects=20)
  draws    6/256 | elapsed 5 seconds | ETA 3.4 minutes
  draws   30/256 | elapsed 7 seconds | ETA 56 seconds
  draws   60/256 | elapsed 11 seconds | ETA 35 seconds
  draws   90/256 | elapsed 14 seconds | ETA 26 seconds
  draws  120/256 | elapsed 17 seconds | ETA 19 seconds
  draws  150/256 | elapsed 20 seconds | ETA 14 seconds
  draws  180/256 | elapsed 24 seconds | ETA 10 seconds
  draws  210/256 | elapsed 27 seconds | ETA 6 seconds
  draws  240/256 | elapsed 30 seconds | ETA 2 seconds
  draws  256/256 | elapsed 32 seconds | ETA 0 seconds
  checkpointed posterior in dpm2_gauss_hierarchical-dataset-0066.pt
  KDE global mode (draw 17) fixed; ascending 3 local coordinates for 20 subjects (20 levels, sigma_start=0.633)
  saved dpm2_gauss_hierarchical-dataset-0066.pt; joint MAP candidate 17
[68/100] dataset 67
  DPM-Solver-2 + hierarchical Gaussian (GAUSS): sampling 256 draws in 43 batches (draw batch=6, subjects=20)
  draws    6/256 | elapsed 5 seconds | ETA 3.4 minutes
  draws   30/256 | elapsed 7 seconds | ETA 56 seconds
  draws   60/256 | elapsed 11 seconds | ETA 35 seconds
  draws   90/256 | elapsed 14 seconds | ETA 26 seconds
  draws  120/256 | elapsed 17 seconds | ETA 20 seconds
  draws  150/256 | elapsed 21 seconds | ETA 15 seconds
  draws  180/256 | elapsed 24 seconds | ETA 10 seconds
  draws  210/256 | elapsed 27 seconds | ETA 6 seconds
  draws  240/256 | elapsed 30 seconds | ETA 2 seconds
  draws  256/256 | elapsed 32 seconds | ETA 0 seconds
  checkpointed posterior in dpm2_gauss_hierarchical-dataset-0067.pt
  KDE global mode (draw 87) fixed; ascending 3 local coordinates for 20 subjects (20 levels, sigma_start=0.707)
  saved dpm2_gauss_hierarchical-dataset-0067.pt; joint MAP candidate 87
[69/100] dataset 68
  DPM-Solver-2 + hierarchical Gaussian (GAUSS): sampling 256 draws in 43 batches (draw batch=6, subjects=20)
  draws    6/256 | elapsed 5 seconds | ETA 3.4 minutes
  draws   30/256 | elapsed 8 seconds | ETA 57 seconds
  draws   60/256 | elapsed 11 seconds | ETA 35 seconds
  draws   90/256 | elapsed 14 seconds | ETA 26 seconds
  draws  120/256 | elapsed 17 seconds | ETA 20 seconds
  draws  150/256 | elapsed 21 seconds | ETA 15 seconds
  draws  180/256 | elapsed 24 seconds | ETA 10 seconds
  draws  210/256 | elapsed 27 seconds | ETA 6 seconds
  draws  240/256 | elapsed 30 seconds | ETA 2 seconds
  draws  256/256 | elapsed 32 seconds | ETA 0 seconds
  checkpointed posterior in dpm2_gauss_hierarchical-dataset-0068.pt
  KDE global mode (draw 240) fixed; ascending 3 local coordinates for 20 subjects (20 levels, sigma_start=0.79)
  saved dpm2_gauss_hierarchical-dataset-0068.pt; joint MAP candidate 240
[70/100] dataset 69
  DPM-Solver-2 + hierarchical Gaussian (GAUSS): sampling 256 draws in 43 batches (draw batch=6, subjects=20)
  draws    6/256 | elapsed 5 seconds | ETA 3.4 minutes
  draws   30/256 | elapsed 7 seconds | ETA 56 seconds
  draws   60/256 | elapsed 11 seconds | ETA 35 seconds
  draws   90/256 | elapsed 14 seconds | ETA 26 seconds
  draws  120/256 | elapsed 17 seconds | ETA 19 seconds
  draws  150/256 | elapsed 20 seconds | ETA 14 seconds
  draws  180/256 | elapsed 24 seconds | ETA 10 seconds
  draws  210/256 | elapsed 27 seconds | ETA 6 seconds
  draws  240/256 | elapsed 30 seconds | ETA 2 seconds
  draws  256/256 | elapsed 32 seconds | ETA 0 seconds
  checkpointed posterior in dpm2_gauss_hierarchical-dataset-0069.pt
  KDE global mode (draw 203) fixed; ascending 3 local coordinates for 20 subjects (20 levels, sigma_start=0.602)
  saved dpm2_gauss_hierarchical-dataset-0069.pt; joint MAP candidate 203
[71/100] dataset 70
  DPM-Solver-2 + hierarchical Gaussian (GAUSS): sampling 256 draws in 43 batches (draw batch=6, subjects=20)
  draws    6/256 | elapsed 5 seconds | ETA 3.4 minutes
  draws   30/256 | elapsed 7 seconds | ETA 56 seconds
  draws   60/256 | elapsed 11 seconds | ETA 35 seconds
  draws   90/256 | elapsed 14 seconds | ETA 26 seconds
  draws  120/256 | elapsed 17 seconds | ETA 20 seconds
  draws  150/256 | elapsed 20 seconds | ETA 14 seconds
  draws  180/256 | elapsed 24 seconds | ETA 10 seconds
  draws  210/256 | elapsed 27 seconds | ETA 6 seconds
  draws  240/256 | elapsed 30 seconds | ETA 2 seconds
  draws  256/256 | elapsed 32 seconds | ETA 0 seconds
  checkpointed posterior in dpm2_gauss_hierarchical-dataset-0070.pt
  KDE global mode (draw 85) fixed; ascending 3 local coordinates for 20 subjects (20 levels, sigma_start=1.16)
  saved dpm2_gauss_hierarchical-dataset-0070.pt; joint MAP candidate 85
[72/100] dataset 71
  DPM-Solver-2 + hierarchical Gaussian (GAUSS): sampling 256 draws in 43 batches (draw batch=6, subjects=20)
  draws    6/256 | elapsed 5 seconds | ETA 3.4 minutes
  draws   30/256 | elapsed 7 seconds | ETA 56 seconds
  draws   60/256 | elapsed 11 seconds | ETA 35 seconds
  draws   90/256 | elapsed 14 seconds | ETA 26 seconds
  draws  120/256 | elapsed 17 seconds | ETA 19 seconds
  draws  150/256 | elapsed 20 seconds | ETA 14 seconds
  draws  180/256 | elapsed 24 seconds | ETA 10 seconds
  draws  210/256 | elapsed 27 seconds | ETA 6 seconds
  draws  240/256 | elapsed 30 seconds | ETA 2 seconds
  draws  256/256 | elapsed 32 seconds | ETA 0 seconds
  checkpointed posterior in dpm2_gauss_hierarchical-dataset-0071.pt
  KDE global mode (draw 231) fixed; ascending 3 local coordinates for 20 subjects (20 levels, sigma_start=0.626)
  saved dpm2_gauss_hierarchical-dataset-0071.pt; joint MAP candidate 231
[73/100] dataset 72
  DPM-Solver-2 + hierarchical Gaussian (GAUSS): sampling 256 draws in 43 batches (draw batch=6, subjects=20)
  draws    6/256 | elapsed 5 seconds | ETA 3.4 minutes
  draws   30/256 | elapsed 7 seconds | ETA 56 seconds
  draws   60/256 | elapsed 11 seconds | ETA 35 seconds
  draws   90/256 | elapsed 14 seconds | ETA 26 seconds
  draws  120/256 | elapsed 17 seconds | ETA 19 seconds
  draws  150/256 | elapsed 20 seconds | ETA 14 seconds
  draws  180/256 | elapsed 24 seconds | ETA 10 seconds
  draws  210/256 | elapsed 27 seconds | ETA 6 seconds
  draws  240/256 | elapsed 30 seconds | ETA 2 seconds
  draws  256/256 | elapsed 32 seconds | ETA 0 seconds
  checkpointed posterior in dpm2_gauss_hierarchical-dataset-0072.pt
  KDE global mode (draw 76) fixed; ascending 3 local coordinates for 20 subjects (20 levels, sigma_start=0.692)
  saved dpm2_gauss_hierarchical-dataset-0072.pt; joint MAP candidate 76
[74/100] dataset 73
  DPM-Solver-2 + hierarchical Gaussian (GAUSS): sampling 256 draws in 43 batches (draw batch=6, subjects=20)
  draws    6/256 | elapsed 5 seconds | ETA 3.4 minutes
  draws   30/256 | elapsed 7 seconds | ETA 56 seconds
  draws   60/256 | elapsed 11 seconds | ETA 35 seconds
  draws   90/256 | elapsed 14 seconds | ETA 26 seconds
  draws  120/256 | elapsed 17 seconds | ETA 19 seconds
  draws  150/256 | elapsed 20 seconds | ETA 14 seconds
  draws  180/256 | elapsed 24 seconds | ETA 10 seconds
  draws  210/256 | elapsed 27 seconds | ETA 6 seconds
  draws  240/256 | elapsed 30 seconds | ETA 2 seconds
  draws  256/256 | elapsed 32 seconds | ETA 0 seconds
  checkpointed posterior in dpm2_gauss_hierarchical-dataset-0073.pt
  KDE global mode (draw 65) fixed; ascending 3 local coordinates for 20 subjects (20 levels, sigma_start=0.616)
  saved dpm2_gauss_hierarchical-dataset-0073.pt; joint MAP candidate 65
[75/100] dataset 74
  DPM-Solver-2 + hierarchical Gaussian (GAUSS): sampling 256 draws in 43 batches (draw batch=6, subjects=20)
  draws    6/256 | elapsed 5 seconds | ETA 3.4 minutes
  draws   30/256 | elapsed 7 seconds | ETA 56 seconds
  draws   60/256 | elapsed 11 seconds | ETA 35 seconds
  draws   90/256 | elapsed 14 seconds | ETA 26 seconds
  draws  120/256 | elapsed 17 seconds | ETA 19 seconds
  draws  150/256 | elapsed 20 seconds | ETA 14 seconds
  draws  180/256 | elapsed 24 seconds | ETA 10 seconds
  draws  210/256 | elapsed 27 seconds | ETA 6 seconds
  draws  240/256 | elapsed 30 seconds | ETA 2 seconds
  draws  256/256 | elapsed 32 seconds | ETA 0 seconds
  checkpointed posterior in dpm2_gauss_hierarchical-dataset-0074.pt
  KDE global mode (draw 139) fixed; ascending 3 local coordinates for 20 subjects (20 levels, sigma_start=0.647)
  saved dpm2_gauss_hierarchical-dataset-0074.pt; joint MAP candidate 139
[76/100] dataset 75
  DPM-Solver-2 + hierarchical Gaussian (GAUSS): sampling 256 draws in 43 batches (draw batch=6, subjects=20)
  draws    6/256 | elapsed 5 seconds | ETA 3.4 minutes
  draws   30/256 | elapsed 8 seconds | ETA 57 seconds
  draws   60/256 | elapsed 11 seconds | ETA 35 seconds
  draws   90/256 | elapsed 14 seconds | ETA 26 seconds
  draws  120/256 | elapsed 17 seconds | ETA 20 seconds
  draws  150/256 | elapsed 21 seconds | ETA 15 seconds
  draws  180/256 | elapsed 24 seconds | ETA 10 seconds
  draws  210/256 | elapsed 27 seconds | ETA 6 seconds
  draws  240/256 | elapsed 30 seconds | ETA 2 seconds
  draws  256/256 | elapsed 32 seconds | ETA 0 seconds
  checkpointed posterior in dpm2_gauss_hierarchical-dataset-0075.pt
  KDE global mode (draw 28) fixed; ascending 3 local coordinates for 20 subjects (20 levels, sigma_start=0.684)
  saved dpm2_gauss_hierarchical-dataset-0075.pt; joint MAP candidate 28
[77/100] dataset 76
  DPM-Solver-2 + hierarchical Gaussian (GAUSS): sampling 256 draws in 43 batches (draw batch=6, subjects=20)
  draws    6/256 | elapsed 5 seconds | ETA 3.4 minutes
  draws   30/256 | elapsed 7 seconds | ETA 56 seconds
  draws   60/256 | elapsed 11 seconds | ETA 35 seconds
  draws   90/256 | elapsed 14 seconds | ETA 26 seconds
  draws  120/256 | elapsed 17 seconds | ETA 20 seconds
  draws  150/256 | elapsed 20 seconds | ETA 14 seconds
  draws  180/256 | elapsed 24 seconds | ETA 10 seconds
  draws  210/256 | elapsed 27 seconds | ETA 6 seconds
  draws  240/256 | elapsed 30 seconds | ETA 2 seconds
  draws  256/256 | elapsed 32 seconds | ETA 0 seconds
  checkpointed posterior in dpm2_gauss_hierarchical-dataset-0076.pt
  KDE global mode (draw 29) fixed; ascending 3 local coordinates for 20 subjects (20 levels, sigma_start=0.594)
  saved dpm2_gauss_hierarchical-dataset-0076.pt; joint MAP candidate 29
[78/100] dataset 77
  DPM-Solver-2 + hierarchical Gaussian (GAUSS): sampling 256 draws in 43 batches (draw batch=6, subjects=20)
  draws    6/256 | elapsed 5 seconds | ETA 3.4 minutes
  draws   30/256 | elapsed 7 seconds | ETA 56 seconds
  draws   60/256 | elapsed 11 seconds | ETA 35 seconds
  draws   90/256 | elapsed 14 seconds | ETA 26 seconds
  draws  120/256 | elapsed 17 seconds | ETA 19 seconds
  draws  150/256 | elapsed 20 seconds | ETA 14 seconds
  draws  180/256 | elapsed 24 seconds | ETA 10 seconds
  draws  210/256 | elapsed 27 seconds | ETA 6 seconds
  draws  240/256 | elapsed 30 seconds | ETA 2 seconds
  draws  256/256 | elapsed 32 seconds | ETA 0 seconds
  checkpointed posterior in dpm2_gauss_hierarchical-dataset-0077.pt
  KDE global mode (draw 207) fixed; ascending 3 local coordinates for 20 subjects (20 levels, sigma_start=0.735)
  saved dpm2_gauss_hierarchical-dataset-0077.pt; joint MAP candidate 207
[79/100] dataset 78
  DPM-Solver-2 + hierarchical Gaussian (GAUSS): sampling 256 draws in 43 batches (draw batch=6, subjects=20)
  draws    6/256 | elapsed 5 seconds | ETA 3.4 minutes
  draws   30/256 | elapsed 8 seconds | ETA 57 seconds
  draws   60/256 | elapsed 11 seconds | ETA 36 seconds
  draws   90/256 | elapsed 14 seconds | ETA 26 seconds
  draws  120/256 | elapsed 17 seconds | ETA 20 seconds
  draws  150/256 | elapsed 21 seconds | ETA 15 seconds
  draws  180/256 | elapsed 24 seconds | ETA 10 seconds
  draws  210/256 | elapsed 27 seconds | ETA 6 seconds
  draws  240/256 | elapsed 30 seconds | ETA 2 seconds
  draws  256/256 | elapsed 32 seconds | ETA 0 seconds
  checkpointed posterior in dpm2_gauss_hierarchical-dataset-0078.pt
  KDE global mode (draw 183) fixed; ascending 3 local coordinates for 20 subjects (20 levels, sigma_start=0.717)
  saved dpm2_gauss_hierarchical-dataset-0078.pt; joint MAP candidate 183
[80/100] dataset 79
  DPM-Solver-2 + hierarchical Gaussian (GAUSS): sampling 256 draws in 43 batches (draw batch=6, subjects=20)
  draws    6/256 | elapsed 5 seconds | ETA 3.4 minutes
  draws   30/256 | elapsed 7 seconds | ETA 56 seconds
  draws   60/256 | elapsed 11 seconds | ETA 35 seconds
  draws   90/256 | elapsed 14 seconds | ETA 26 seconds
  draws  120/256 | elapsed 17 seconds | ETA 20 seconds
  draws  150/256 | elapsed 21 seconds | ETA 15 seconds
  draws  180/256 | elapsed 24 seconds | ETA 10 seconds
  draws  210/256 | elapsed 27 seconds | ETA 6 seconds
  draws  240/256 | elapsed 30 seconds | ETA 2 seconds
  draws  256/256 | elapsed 32 seconds | ETA 0 seconds
  checkpointed posterior in dpm2_gauss_hierarchical-dataset-0079.pt
  KDE global mode (draw 147) fixed; ascending 3 local coordinates for 20 subjects (20 levels, sigma_start=0.657)
  saved dpm2_gauss_hierarchical-dataset-0079.pt; joint MAP candidate 147
[81/100] dataset 80
  DPM-Solver-2 + hierarchical Gaussian (GAUSS): sampling 256 draws in 43 batches (draw batch=6, subjects=20)
  draws    6/256 | elapsed 5 seconds | ETA 3.4 minutes
  draws   30/256 | elapsed 8 seconds | ETA 57 seconds
  draws   60/256 | elapsed 11 seconds | ETA 35 seconds
  draws   90/256 | elapsed 14 seconds | ETA 26 seconds
  draws  120/256 | elapsed 17 seconds | ETA 20 seconds
  draws  150/256 | elapsed 21 seconds | ETA 14 seconds
  draws  180/256 | elapsed 24 seconds | ETA 10 seconds
  draws  210/256 | elapsed 27 seconds | ETA 6 seconds
  draws  240/256 | elapsed 30 seconds | ETA 2 seconds
  draws  256/256 | elapsed 32 seconds | ETA 0 seconds
  checkpointed posterior in dpm2_gauss_hierarchical-dataset-0080.pt
  KDE global mode (draw 217) fixed; ascending 3 local coordinates for 20 subjects (20 levels, sigma_start=0.696)
  saved dpm2_gauss_hierarchical-dataset-0080.pt; joint MAP candidate 217
[82/100] dataset 81
  DPM-Solver-2 + hierarchical Gaussian (GAUSS): sampling 256 draws in 43 batches (draw batch=6, subjects=20)
  draws    6/256 | elapsed 5 seconds | ETA 3.4 minutes
  draws   30/256 | elapsed 7 seconds | ETA 56 seconds
  draws   60/256 | elapsed 11 seconds | ETA 35 seconds
  draws   90/256 | elapsed 14 seconds | ETA 26 seconds
  draws  120/256 | elapsed 17 seconds | ETA 20 seconds
  draws  150/256 | elapsed 21 seconds | ETA 15 seconds
  draws  180/256 | elapsed 24 seconds | ETA 10 seconds
  draws  210/256 | elapsed 27 seconds | ETA 6 seconds
  draws  240/256 | elapsed 30 seconds | ETA 2 seconds
  draws  256/256 | elapsed 32 seconds | ETA 0 seconds
  checkpointed posterior in dpm2_gauss_hierarchical-dataset-0081.pt
  KDE global mode (draw 224) fixed; ascending 3 local coordinates for 20 subjects (20 levels, sigma_start=0.697)
  saved dpm2_gauss_hierarchical-dataset-0081.pt; joint MAP candidate 224
[83/100] dataset 82
  DPM-Solver-2 + hierarchical Gaussian (GAUSS): sampling 256 draws in 43 batches (draw batch=6, subjects=20)
  draws    6/256 | elapsed 5 seconds | ETA 3.4 minutes
  draws   30/256 | elapsed 7 seconds | ETA 56 seconds
  draws   60/256 | elapsed 11 seconds | ETA 35 seconds
  draws   90/256 | elapsed 14 seconds | ETA 26 seconds
  draws  120/256 | elapsed 17 seconds | ETA 20 seconds
  draws  150/256 | elapsed 20 seconds | ETA 14 seconds
  draws  180/256 | elapsed 24 seconds | ETA 10 seconds
  draws  210/256 | elapsed 27 seconds | ETA 6 seconds
  draws  240/256 | elapsed 30 seconds | ETA 2 seconds
  draws  256/256 | elapsed 32 seconds | ETA 0 seconds
  checkpointed posterior in dpm2_gauss_hierarchical-dataset-0082.pt
  KDE global mode (draw 4) fixed; ascending 3 local coordinates for 20 subjects (20 levels, sigma_start=0.631)
  saved dpm2_gauss_hierarchical-dataset-0082.pt; joint MAP candidate 4
[84/100] dataset 83
  DPM-Solver-2 + hierarchical Gaussian (GAUSS): sampling 256 draws in 43 batches (draw batch=6, subjects=20)
  draws    6/256 | elapsed 5 seconds | ETA 3.4 minutes
  draws   30/256 | elapsed 7 seconds | ETA 56 seconds
  draws   60/256 | elapsed 11 seconds | ETA 35 seconds
  draws   90/256 | elapsed 14 seconds | ETA 26 seconds
  draws  120/256 | elapsed 17 seconds | ETA 20 seconds
  draws  150/256 | elapsed 21 seconds | ETA 14 seconds
  draws  180/256 | elapsed 24 seconds | ETA 10 seconds
  draws  210/256 | elapsed 27 seconds | ETA 6 seconds
  draws  240/256 | elapsed 30 seconds | ETA 2 seconds
  draws  256/256 | elapsed 32 seconds | ETA 0 seconds
  checkpointed posterior in dpm2_gauss_hierarchical-dataset-0083.pt
  KDE global mode (draw 85) fixed; ascending 3 local coordinates for 20 subjects (20 levels, sigma_start=0.949)
  saved dpm2_gauss_hierarchical-dataset-0083.pt; joint MAP candidate 85
[85/100] dataset 84
  DPM-Solver-2 + hierarchical Gaussian (GAUSS): sampling 256 draws in 43 batches (draw batch=6, subjects=20)
  draws    6/256 | elapsed 5 seconds | ETA 3.4 minutes
  draws   30/256 | elapsed 7 seconds | ETA 56 seconds
  draws   60/256 | elapsed 11 seconds | ETA 35 seconds
  draws   90/256 | elapsed 14 seconds | ETA 26 seconds
  draws  120/256 | elapsed 17 seconds | ETA 20 seconds
  draws  150/256 | elapsed 20 seconds | ETA 14 seconds
  draws  180/256 | elapsed 24 seconds | ETA 10 seconds
  draws  210/256 | elapsed 27 seconds | ETA 6 seconds
  draws  240/256 | elapsed 30 seconds | ETA 2 seconds
  draws  256/256 | elapsed 32 seconds | ETA 0 seconds
  checkpointed posterior in dpm2_gauss_hierarchical-dataset-0084.pt
  KDE global mode (draw 160) fixed; ascending 3 local coordinates for 20 subjects (20 levels, sigma_start=0.625)
  saved dpm2_gauss_hierarchical-dataset-0084.pt; joint MAP candidate 160
[86/100] dataset 85
  DPM-Solver-2 + hierarchical Gaussian (GAUSS): sampling 256 draws in 43 batches (draw batch=6, subjects=20)
  draws    6/256 | elapsed 5 seconds | ETA 3.4 minutes
  draws   30/256 | elapsed 7 seconds | ETA 56 seconds
  draws   60/256 | elapsed 11 seconds | ETA 35 seconds
  draws   90/256 | elapsed 14 seconds | ETA 26 seconds
  draws  120/256 | elapsed 17 seconds | ETA 19 seconds
  draws  150/256 | elapsed 20 seconds | ETA 14 seconds
  draws  180/256 | elapsed 24 seconds | ETA 10 seconds
  draws  210/256 | elapsed 27 seconds | ETA 6 seconds
  draws  240/256 | elapsed 30 seconds | ETA 2 seconds
  draws  256/256 | elapsed 32 seconds | ETA 0 seconds
  checkpointed posterior in dpm2_gauss_hierarchical-dataset-0085.pt
  KDE global mode (draw 25) fixed; ascending 3 local coordinates for 20 subjects (20 levels, sigma_start=1.01)
  saved dpm2_gauss_hierarchical-dataset-0085.pt; joint MAP candidate 25
[87/100] dataset 86
  DPM-Solver-2 + hierarchical Gaussian (GAUSS): sampling 256 draws in 43 batches (draw batch=6, subjects=20)
  draws    6/256 | elapsed 5 seconds | ETA 3.4 minutes
  draws   30/256 | elapsed 7 seconds | ETA 56 seconds
  draws   60/256 | elapsed 11 seconds | ETA 35 seconds
  draws   90/256 | elapsed 14 seconds | ETA 26 seconds
  draws  120/256 | elapsed 17 seconds | ETA 20 seconds
  draws  150/256 | elapsed 20 seconds | ETA 14 seconds
  draws  180/256 | elapsed 24 seconds | ETA 10 seconds
  draws  210/256 | elapsed 27 seconds | ETA 6 seconds
  draws  240/256 | elapsed 30 seconds | ETA 2 seconds
  draws  256/256 | elapsed 32 seconds | ETA 0 seconds
  checkpointed posterior in dpm2_gauss_hierarchical-dataset-0086.pt
  KDE global mode (draw 70) fixed; ascending 3 local coordinates for 20 subjects (20 levels, sigma_start=0.652)
  saved dpm2_gauss_hierarchical-dataset-0086.pt; joint MAP candidate 70
[88/100] dataset 87
  DPM-Solver-2 + hierarchical Gaussian (GAUSS): sampling 256 draws in 43 batches (draw batch=6, subjects=20)
  draws    6/256 | elapsed 5 seconds | ETA 3.4 minutes
  draws   30/256 | elapsed 7 seconds | ETA 56 seconds
  draws   60/256 | elapsed 11 seconds | ETA 35 seconds
  draws   90/256 | elapsed 14 seconds | ETA 26 seconds
  draws  120/256 | elapsed 17 seconds | ETA 19 seconds
  draws  150/256 | elapsed 20 seconds | ETA 14 seconds
  draws  180/256 | elapsed 24 seconds | ETA 10 seconds
  draws  210/256 | elapsed 27 seconds | ETA 6 seconds
  draws  240/256 | elapsed 30 seconds | ETA 2 seconds
  draws  256/256 | elapsed 32 seconds | ETA 0 seconds
  checkpointed posterior in dpm2_gauss_hierarchical-dataset-0087.pt
  KDE global mode (draw 41) fixed; ascending 3 local coordinates for 20 subjects (20 levels, sigma_start=1.19)
  saved dpm2_gauss_hierarchical-dataset-0087.pt; joint MAP candidate 41
[89/100] dataset 88
  DPM-Solver-2 + hierarchical Gaussian (GAUSS): sampling 256 draws in 43 batches (draw batch=6, subjects=20)
  draws    6/256 | elapsed 5 seconds | ETA 3.4 minutes
  draws   30/256 | elapsed 7 seconds | ETA 56 seconds
  draws   60/256 | elapsed 11 seconds | ETA 35 seconds
  draws   90/256 | elapsed 14 seconds | ETA 26 seconds
  draws  120/256 | elapsed 17 seconds | ETA 19 seconds
  draws  150/256 | elapsed 20 seconds | ETA 14 seconds
  draws  180/256 | elapsed 24 seconds | ETA 10 seconds
  draws  210/256 | elapsed 27 seconds | ETA 6 seconds
  draws  240/256 | elapsed 30 seconds | ETA 2 seconds
  draws  256/256 | elapsed 32 seconds | ETA 0 seconds
  checkpointed posterior in dpm2_gauss_hierarchical-dataset-0088.pt
  KDE global mode (draw 187) fixed; ascending 3 local coordinates for 20 subjects (20 levels, sigma_start=0.752)
  saved dpm2_gauss_hierarchical-dataset-0088.pt; joint MAP candidate 187
[90/100] dataset 89
  DPM-Solver-2 + hierarchical Gaussian (GAUSS): sampling 256 draws in 43 batches (draw batch=6, subjects=20)
  draws    6/256 | elapsed 5 seconds | ETA 3.4 minutes
  draws   30/256 | elapsed 7 seconds | ETA 56 seconds
  draws   60/256 | elapsed 11 seconds | ETA 35 seconds
  draws   90/256 | elapsed 14 seconds | ETA 26 seconds
  draws  120/256 | elapsed 17 seconds | ETA 19 seconds
  draws  150/256 | elapsed 20 seconds | ETA 14 seconds
  draws  180/256 | elapsed 24 seconds | ETA 10 seconds
  draws  210/256 | elapsed 27 seconds | ETA 6 seconds
  draws  240/256 | elapsed 30 seconds | ETA 2 seconds
  draws  256/256 | elapsed 32 seconds | ETA 0 seconds
  checkpointed posterior in dpm2_gauss_hierarchical-dataset-0089.pt
  KDE global mode (draw 80) fixed; ascending 3 local coordinates for 20 subjects (20 levels, sigma_start=0.7)
  saved dpm2_gauss_hierarchical-dataset-0089.pt; joint MAP candidate 80
[91/100] dataset 90
  DPM-Solver-2 + hierarchical Gaussian (GAUSS): sampling 256 draws in 43 batches (draw batch=6, subjects=20)
  draws    6/256 | elapsed 5 seconds | ETA 3.4 minutes
  draws   30/256 | elapsed 7 seconds | ETA 56 seconds
  draws   60/256 | elapsed 11 seconds | ETA 35 seconds
  draws   90/256 | elapsed 14 seconds | ETA 26 seconds
  draws  120/256 | elapsed 17 seconds | ETA 19 seconds
  draws  150/256 | elapsed 20 seconds | ETA 14 seconds
  draws  180/256 | elapsed 24 seconds | ETA 10 seconds
  draws  210/256 | elapsed 27 seconds | ETA 6 seconds
  draws  240/256 | elapsed 30 seconds | ETA 2 seconds
  draws  256/256 | elapsed 32 seconds | ETA 0 seconds
  checkpointed posterior in dpm2_gauss_hierarchical-dataset-0090.pt
  KDE global mode (draw 54) fixed; ascending 3 local coordinates for 20 subjects (20 levels, sigma_start=0.662)
  saved dpm2_gauss_hierarchical-dataset-0090.pt; joint MAP candidate 54
[92/100] dataset 91
  DPM-Solver-2 + hierarchical Gaussian (GAUSS): sampling 256 draws in 43 batches (draw batch=6, subjects=20)
  draws    6/256 | elapsed 5 seconds | ETA 3.4 minutes
  draws   30/256 | elapsed 7 seconds | ETA 56 seconds
  draws   60/256 | elapsed 11 seconds | ETA 35 seconds
  draws   90/256 | elapsed 14 seconds | ETA 26 seconds
  draws  120/256 | elapsed 17 seconds | ETA 19 seconds
  draws  150/256 | elapsed 20 seconds | ETA 14 seconds
  draws  180/256 | elapsed 24 seconds | ETA 10 seconds
  draws  210/256 | elapsed 27 seconds | ETA 6 seconds
  draws  240/256 | elapsed 30 seconds | ETA 2 seconds
  draws  256/256 | elapsed 32 seconds | ETA 0 seconds
  checkpointed posterior in dpm2_gauss_hierarchical-dataset-0091.pt
  KDE global mode (draw 163) fixed; ascending 3 local coordinates for 20 subjects (20 levels, sigma_start=0.762)
  saved dpm2_gauss_hierarchical-dataset-0091.pt; joint MAP candidate 163
[93/100] dataset 92
  DPM-Solver-2 + hierarchical Gaussian (GAUSS): sampling 256 draws in 43 batches (draw batch=6, subjects=20)
  draws    6/256 | elapsed 5 seconds | ETA 3.4 minutes
  draws   30/256 | elapsed 8 seconds | ETA 57 seconds
  draws   60/256 | elapsed 11 seconds | ETA 35 seconds
  draws   90/256 | elapsed 14 seconds | ETA 26 seconds
  draws  120/256 | elapsed 17 seconds | ETA 20 seconds
  draws  150/256 | elapsed 21 seconds | ETA 15 seconds
  draws  180/256 | elapsed 24 seconds | ETA 10 seconds
  draws  210/256 | elapsed 27 seconds | ETA 6 seconds
  draws  240/256 | elapsed 30 seconds | ETA 2 seconds
  draws  256/256 | elapsed 32 seconds | ETA 0 seconds
  checkpointed posterior in dpm2_gauss_hierarchical-dataset-0092.pt
  KDE global mode (draw 55) fixed; ascending 3 local coordinates for 20 subjects (20 levels, sigma_start=0.629)
  saved dpm2_gauss_hierarchical-dataset-0092.pt; joint MAP candidate 55
[94/100] dataset 93
  DPM-Solver-2 + hierarchical Gaussian (GAUSS): sampling 256 draws in 43 batches (draw batch=6, subjects=20)
  draws    6/256 | elapsed 5 seconds | ETA 3.4 minutes
  draws   30/256 | elapsed 7 seconds | ETA 56 seconds
  draws   60/256 | elapsed 11 seconds | ETA 35 seconds
  draws   90/256 | elapsed 14 seconds | ETA 26 seconds
  draws  120/256 | elapsed 17 seconds | ETA 20 seconds
  draws  150/256 | elapsed 20 seconds | ETA 14 seconds
  draws  180/256 | elapsed 24 seconds | ETA 10 seconds
  draws  210/256 | elapsed 27 seconds | ETA 6 seconds
  draws  240/256 | elapsed 30 seconds | ETA 2 seconds
  draws  256/256 | elapsed 32 seconds | ETA 0 seconds
  checkpointed posterior in dpm2_gauss_hierarchical-dataset-0093.pt
  KDE global mode (draw 82) fixed; ascending 3 local coordinates for 20 subjects (20 levels, sigma_start=0.657)
  saved dpm2_gauss_hierarchical-dataset-0093.pt; joint MAP candidate 82
[95/100] dataset 94
  DPM-Solver-2 + hierarchical Gaussian (GAUSS): sampling 256 draws in 43 batches (draw batch=6, subjects=20)
  draws    6/256 | elapsed 5 seconds | ETA 3.5 minutes
  draws   30/256 | elapsed 8 seconds | ETA 57 seconds
  draws   60/256 | elapsed 11 seconds | ETA 35 seconds
  draws   90/256 | elapsed 14 seconds | ETA 26 seconds
  draws  120/256 | elapsed 17 seconds | ETA 20 seconds
  draws  150/256 | elapsed 21 seconds | ETA 15 seconds
  draws  180/256 | elapsed 24 seconds | ETA 10 seconds
  draws  210/256 | elapsed 27 seconds | ETA 6 seconds
  draws  240/256 | elapsed 30 seconds | ETA 2 seconds
  draws  256/256 | elapsed 32 seconds | ETA 0 seconds
  checkpointed posterior in dpm2_gauss_hierarchical-dataset-0094.pt
  KDE global mode (draw 118) fixed; ascending 3 local coordinates for 20 subjects (20 levels, sigma_start=0.552)
  saved dpm2_gauss_hierarchical-dataset-0094.pt; joint MAP candidate 118
[96/100] dataset 95
  DPM-Solver-2 + hierarchical Gaussian (GAUSS): sampling 256 draws in 43 batches (draw batch=6, subjects=20)
  draws    6/256 | elapsed 5 seconds | ETA 3.4 minutes
  draws   30/256 | elapsed 7 seconds | ETA 56 seconds
  draws   60/256 | elapsed 11 seconds | ETA 35 seconds
  draws   90/256 | elapsed 14 seconds | ETA 26 seconds
  draws  120/256 | elapsed 17 seconds | ETA 19 seconds
  draws  150/256 | elapsed 20 seconds | ETA 14 seconds
  draws  180/256 | elapsed 24 seconds | ETA 10 seconds
  draws  210/256 | elapsed 27 seconds | ETA 6 seconds
  draws  240/256 | elapsed 30 seconds | ETA 2 seconds
  draws  256/256 | elapsed 32 seconds | ETA 0 seconds
  checkpointed posterior in dpm2_gauss_hierarchical-dataset-0095.pt
  KDE global mode (draw 162) fixed; ascending 3 local coordinates for 20 subjects (20 levels, sigma_start=1.05)
  saved dpm2_gauss_hierarchical-dataset-0095.pt; joint MAP candidate 162
[97/100] dataset 96
  DPM-Solver-2 + hierarchical Gaussian (GAUSS): sampling 256 draws in 43 batches (draw batch=6, subjects=20)
  draws    6/256 | elapsed 5 seconds | ETA 3.4 minutes
  draws   30/256 | elapsed 7 seconds | ETA 56 seconds
  draws   60/256 | elapsed 11 seconds | ETA 35 seconds
  draws   90/256 | elapsed 14 seconds | ETA 26 seconds
  draws  120/256 | elapsed 17 seconds | ETA 19 seconds
  draws  150/256 | elapsed 20 seconds | ETA 14 seconds
  draws  180/256 | elapsed 24 seconds | ETA 10 seconds
  draws  210/256 | elapsed 27 seconds | ETA 6 seconds
  draws  240/256 | elapsed 30 seconds | ETA 2 seconds
  draws  256/256 | elapsed 32 seconds | ETA 0 seconds
  checkpointed posterior in dpm2_gauss_hierarchical-dataset-0096.pt
  KDE global mode (draw 12) fixed; ascending 3 local coordinates for 20 subjects (20 levels, sigma_start=0.696)
  saved dpm2_gauss_hierarchical-dataset-0096.pt; joint MAP candidate 12
[98/100] dataset 97
  DPM-Solver-2 + hierarchical Gaussian (GAUSS): sampling 256 draws in 43 batches (draw batch=6, subjects=20)
  draws    6/256 | elapsed 5 seconds | ETA 3.4 minutes
  draws   30/256 | elapsed 7 seconds | ETA 56 seconds
  draws   60/256 | elapsed 11 seconds | ETA 35 seconds
  draws   90/256 | elapsed 14 seconds | ETA 26 seconds
  draws  120/256 | elapsed 17 seconds | ETA 19 seconds
  draws  150/256 | elapsed 20 seconds | ETA 14 seconds
  draws  180/256 | elapsed 24 seconds | ETA 10 seconds
  draws  210/256 | elapsed 27 seconds | ETA 6 seconds
  draws  240/256 | elapsed 30 seconds | ETA 2 seconds
  draws  256/256 | elapsed 32 seconds | ETA 0 seconds
  checkpointed posterior in dpm2_gauss_hierarchical-dataset-0097.pt
  KDE global mode (draw 205) fixed; ascending 3 local coordinates for 20 subjects (20 levels, sigma_start=0.818)
  saved dpm2_gauss_hierarchical-dataset-0097.pt; joint MAP candidate 205
[99/100] dataset 98
  DPM-Solver-2 + hierarchical Gaussian (GAUSS): sampling 256 draws in 43 batches (draw batch=6, subjects=20)
  draws    6/256 | elapsed 5 seconds | ETA 3.4 minutes
  draws   30/256 | elapsed 7 seconds | ETA 56 seconds
  draws   60/256 | elapsed 11 seconds | ETA 35 seconds
  draws   90/256 | elapsed 14 seconds | ETA 26 seconds
  draws  120/256 | elapsed 17 seconds | ETA 19 seconds
  draws  150/256 | elapsed 20 seconds | ETA 14 seconds
  draws  180/256 | elapsed 24 seconds | ETA 10 seconds
  draws  210/256 | elapsed 27 seconds | ETA 6 seconds
  draws  240/256 | elapsed 30 seconds | ETA 2 seconds
  draws  256/256 | elapsed 32 seconds | ETA 0 seconds
  checkpointed posterior in dpm2_gauss_hierarchical-dataset-0098.pt
  KDE global mode (draw 144) fixed; ascending 3 local coordinates for 20 subjects (20 levels, sigma_start=0.752)
  saved dpm2_gauss_hierarchical-dataset-0098.pt; joint MAP candidate 144
[100/100] dataset 99
  DPM-Solver-2 + hierarchical Gaussian (GAUSS): sampling 256 draws in 43 batches (draw batch=6, subjects=20)
  draws    6/256 | elapsed 5 seconds | ETA 3.4 minutes
  draws   30/256 | elapsed 7 seconds | ETA 56 seconds
  draws   60/256 | elapsed 11 seconds | ETA 35 seconds
  draws   90/256 | elapsed 14 seconds | ETA 26 seconds
  draws  120/256 | elapsed 17 seconds | ETA 19 seconds
  draws  150/256 | elapsed 20 seconds | ETA 14 seconds
  draws  180/256 | elapsed 23 seconds | ETA 10 seconds
  draws  210/256 | elapsed 27 seconds | ETA 6 seconds
  draws  240/256 | elapsed 30 seconds | ETA 2 seconds
  draws  256/256 | elapsed 32 seconds | ETA 0 seconds
  checkpointed posterior in dpm2_gauss_hierarchical-dataset-0099.pt
  KDE global mode (draw 50) fixed; ascending 3 local coordinates for 20 subjects (20 levels, sigma_start=0.626)
  saved dpm2_gauss_hierarchical-dataset-0099.pt; joint MAP candidate 50
Completed 100/100 datasets. Summary: /export/home/rheinric/COMPASS/Partial_Pooling/churn100/hier_stock/artifacts_churn_eta0/partial_pooling_recovery/small/dpm2_gauss_hierarchical-e6f77134be72ce56/dpm2_gauss_hierarchical-summary.json
Created 7 figures in /export/home/rheinric/COMPASS/Partial_Pooling/churn100/hier_stock/artifacts_churn_eta0/figures/partial_pooling/small/dpm2_gauss_hierarchical-e6f77134be72ce56
Wrote /export/home/rheinric/COMPASS/Partial_Pooling/churn100/hier_stock/artifacts_churn_eta0/churn_manifest.json
