easy  long  n=2    tweedie/-         global=   0.0006  local=   0.0020  calls=   4588  pinned=0/5
easy  long  n=2    newton/jacobian  global=   0.0000  local=   0.0000  calls=    570  pinned=0/5
easy  long  n=5    tweedie/-         global=   0.0019  local=   0.0029  calls=   6203  pinned=0/5
easy  long  n=5    newton/jacobian  global=   0.0001  local=   0.0000  calls=    580  pinned=0/5
easy  long  n=10   tweedie/-         global=   0.0039  local=   0.0042  calls=   9579  pinned=0/5
easy  long  n=10   newton/jacobian  global=   0.0001  local=   0.0001  calls=    571  pinned=0/5
easy  long  n=25   tweedie/-         global=   0.0090  local=   0.0052  calls=   9840  pinned=0/5
easy  long  n=25   newton/jacobian  global=   0.0001  local=   0.0001  calls=    581  pinned=0/5
easy  long  n=50   tweedie/-         global=   0.2474  local=   0.0988  calls=   9716  pinned=0/5
easy  long  n=50   newton/jacobian  global=   0.0002  local=   0.0001  calls=    589  pinned=0/5
easy  long  n=100  tweedie/-         global=   5.6775  local=   1.5607  calls=   9716  pinned=0/5
easy  long  n=100  newton/jacobian  global=   0.0003  local=   0.0001  calls=    586  pinned=0/5
easy  long  n=200  tweedie/-         global=  82.5220  local=   3.0664  calls=   9681  pinned=4/5
easy  long  n=200  newton/jacobian  global=   0.0002  local=   0.0001  calls=    591  pinned=0/5
easy  short n=2    tweedie/-         global=   0.0006  local=   0.0020  calls=   5034  pinned=0/5
easy  short n=2    newton/jacobian  global=   0.0000  local=   0.0000  calls=    573  pinned=0/5
easy  short n=5    tweedie/-         global=   0.0018  local=   0.0029  calls=   6445  pinned=0/5
easy  short n=5    newton/jacobian  global=   0.0002  local=   0.0001  calls=    601  pinned=0/5
easy  short n=10   tweedie/-         global=   0.0039  local=   0.0041  calls=   9093  pinned=0/5
easy  short n=10   newton/jacobian  global=   0.0001  local=   0.0001  calls=    594  pinned=0/5
easy  short n=25   tweedie/-         global=   0.0092  local=   0.0051  calls=   9998  pinned=0/5
easy  short n=25   newton/jacobian  global=   0.0004  local=   0.0002  calls=    595  pinned=0/5
easy  short n=50   tweedie/-         global=   0.0103  local=   0.0058  calls=  10000  pinned=0/5
easy  short n=50   newton/jacobian  global=   0.0005  local=   0.0002  calls=    603  pinned=0/5
easy  short n=100  tweedie/-         global=   1.8601  local=   0.5151  calls=  10000  pinned=0/5
easy  short n=100  newton/jacobian  global=   0.0008  local=   0.0002  calls=    614  pinned=0/5
easy  short n=200  tweedie/-         global= 105.7433  local=   2.9594  calls=  10000  pinned=4/5
easy  short n=200  newton/jacobian  global=   0.0012  local=   0.0002  calls=    657  pinned=0/5
hard  long  n=2    tweedie/-         global=   0.0009  local=   0.0047  calls=   3847  pinned=0/5
hard  long  n=2    newton/jacobian  global=   0.0000  local=   0.0001  calls=    548  pinned=0/5
hard  long  n=5    tweedie/-         global=   0.0023  local=   0.0056  calls=   4388  pinned=0/5
hard  long  n=5    newton/jacobian  global=   0.0000  local=   0.0001  calls=    560  pinned=0/5
hard  long  n=10   tweedie/-         global=   0.0088  local=   0.0078  calls=   7327  pinned=0/5
hard  long  n=10   newton/jacobian  global=   0.0000  local=   0.0001  calls=    559  pinned=0/5
hard  long  n=25   tweedie/-         global=   0.0329  local=   0.0091  calls=   9999  pinned=0/5
hard  long  n=25   newton/jacobian  global=   0.0001  local=   0.0002  calls=    567  pinned=0/5
hard  long  n=50   tweedie/-         global=   0.0321  local=   0.0139  calls=   9674  pinned=0/5
hard  long  n=50   newton/jacobian  global=   0.0001  local=   0.0002  calls=    592  pinned=0/5
hard  long  n=100  tweedie/-         global=  29.1640  local=   1.4511  calls=   9624  pinned=3/5
hard  long  n=100  newton/jacobian  global=   0.0000  local=   0.0002  calls=    599  pinned=0/5
hard  long  n=200  tweedie/-         global=  45.0902  local=   1.4567  calls=   9573  pinned=4/5
hard  long  n=200  newton/jacobian  global=   0.0001  local=   0.0002  calls=    593  pinned=0/5
hard  short n=2    tweedie/-         global=   0.0009  local=   0.0047  calls=   4040  pinned=0/5
hard  short n=2    newton/jacobian  global=   0.0000  local=   0.0001  calls=    562  pinned=0/5
hard  short n=5    tweedie/-         global=   0.0023  local=   0.0056  calls=   4866  pinned=0/5
hard  short n=5    newton/jacobian  global=   0.0000  local=   0.0001  calls=    566  pinned=0/5
hard  short n=10   tweedie/-         global=   0.0089  local=   0.0078  calls=   7888  pinned=0/5
hard  short n=10   newton/jacobian  global=   0.0000  local=   0.0001  calls=    561  pinned=0/5
hard  short n=25   tweedie/-         global=   0.0330  local=   0.0091  calls=   9834  pinned=0/5
hard  short n=25   newton/jacobian  global=   0.0001  local=   0.0001  calls=    569  pinned=0/5
hard  short n=50   tweedie/-         global=   0.0588  local=   0.0096  calls=   9989  pinned=0/5
hard  short n=50   newton/jacobian  global=   0.0001  local=   0.0002  calls=    576  pinned=0/5
hard  short n=100  tweedie/-         global=  41.3246  local=   1.3327  calls=  10000  pinned=4/5
hard  short n=100  newton/jacobian  global=   0.0001  local=   0.0002  calls=    593  pinned=0/5
hard  short n=200  tweedie/-         global=  58.3542  local=   1.3775  calls=  10000  pinned=4/5
hard  short n=200  newton/jacobian  global=   0.0004  local=   0.0002  calls=    616  pinned=0/5

wrote /export/home/rheinric/COMPASS/tutorials/MAP_Precision/artifacts/map_method_comparison.csv
