FRESH: removing partial checkpoints and artifacts/capacity.csv
Running 9 cells sequentially on GPU 0
=== 12:18:43  h128d6 @ 200000 simulations ===
[('h128d6', 200000)] mean relative score RMSE 0.0396
[('h128d6', 200000)] wrote row to /export/home/rheinric/COMPASS/tutorials/Compositional_Inference_Fix/New_Attempt/exponential_score_comparison/artifacts/capacity.csv
=== 13:20:28  h32d3 @ 200000 simulations ===
[('h32d3', 200000)] mean relative score RMSE 0.0736
[('h32d3', 200000)] wrote row to /export/home/rheinric/COMPASS/tutorials/Compositional_Inference_Fix/New_Attempt/exponential_score_comparison/artifacts/capacity.csv
=== 13:54:30  h16d2 @ 200000 simulations ===
[('h16d2', 200000)] mean relative score RMSE 0.0949
[('h16d2', 200000)] wrote row to /export/home/rheinric/COMPASS/tutorials/Compositional_Inference_Fix/New_Attempt/exponential_score_comparison/artifacts/capacity.csv
=== 14:41:45  h16d1 @ 200000 simulations ===
[('h16d1', 200000)] mean relative score RMSE 0.2268
[('h16d1', 200000)] wrote row to /export/home/rheinric/COMPASS/tutorials/Compositional_Inference_Fix/New_Attempt/exponential_score_comparison/artifacts/capacity.csv
=== 15:23:06  h8d1 @ 200000 simulations ===
[('h8d1', 200000)] mean relative score RMSE 0.2585
[('h8d1', 200000)] wrote row to /export/home/rheinric/COMPASS/tutorials/Compositional_Inference_Fix/New_Attempt/exponential_score_comparison/artifacts/capacity.csv
=== 16:04:12  h4d1 @ 200000 simulations ===
[('h4d1', 200000)] mean relative score RMSE 0.4204
[('h4d1', 200000)] wrote row to /export/home/rheinric/COMPASS/tutorials/Compositional_Inference_Fix/New_Attempt/exponential_score_comparison/artifacts/capacity.csv
=== 16:45:22  h8d1 @ 10000 simulations ===
[('h8d1', 10000)] mean relative score RMSE 0.2718
[('h8d1', 10000)] wrote row to /export/home/rheinric/COMPASS/tutorials/Compositional_Inference_Fix/New_Attempt/exponential_score_comparison/artifacts/capacity.csv
=== 17:44:02  h8d1 @ 50000 simulations ===
[('h8d1', 50000)] mean relative score RMSE 0.2512
[('h8d1', 50000)] wrote row to /export/home/rheinric/COMPASS/tutorials/Compositional_Inference_Fix/New_Attempt/exponential_score_comparison/artifacts/capacity.csv
=== 18:33:30  h8d1 @ 500000 simulations ===
[('h8d1', 500000)] mean relative score RMSE 0.2097
[('h8d1', 500000)] wrote row to /export/home/rheinric/COMPASS/tutorials/Compositional_Inference_Fix/New_Attempt/exponential_score_comparison/artifacts/capacity.csv
=== 19:33:14  sweep finished ===
