Loading checkpoint: /export/home/rheinric/COMPASS/tutorials/Compositional_Inference_Fix/New_Attempt/exponential_score_comparison/artifacts/models/h16d2_n200000/Model_checkpoint.pt
true g = 1.54100   exact posterior: mean 1.38648, sd 0.12997, mode 1.44292, wall at 1.63255
network reference: single-observation score error
  lam=0.05  relative score RMSE 0.2363
  lam=0.1   relative score RMSE 0.1272
  lam=0.2   relative score RMSE 0.0741
  lam=0.5   relative score RMSE 0.0425
  lam=1     relative score RMSE 0.0284
  lam=2     relative score RMSE 0.0188

=== DPM2 + gauss_hierarchical ===
[gauss_hierarchical] sampled in 99.7s, 668 network calls
[gauss_hierarchical] probing the composed score against exact quadrature
[gauss_hierarchical]   lam=0.05  shared 0.8558  local 0.2903
[gauss_hierarchical]   lam=0.1   shared 1.4822  local 0.3074
[gauss_hierarchical]   lam=0.2   shared 1.4592  local 0.2892
[gauss_hierarchical]   lam=0.5   shared 0.7814  local 0.2576
[gauss_hierarchical]   lam=1     shared 0.4306  local 0.2291
[gauss_hierarchical]   lam=2     shared 0.2838  local 0.1525
{
  "observations": 30,
  "num_samples": 3000,
  "excluded_draws": 0,
  "shared_w1_over_sigma": 0.5248203476634219,
  "shared_mean_error_sigma": 0.5246367644547428,
  "shared_width_ratio": 0.9845853674981317,
  "local_w1_over_sigma": 0.06114361868878396,
  "local_draw_mean_error_sigma": 0.04869020876634083,
  "marginal_score_rel_rmse": 0.8624599585140833,
  "global_map": 1.340104362912064,
  "global_map_error_sigma": 0.7910944000611131,
  "global_map_error_from_truth_sigma": 1.545681386102927,
  "local_map_error_vs_posterior_mean_sigma": 0.4643588729639998,
  "local_map_error_vs_conditional_mode_sigma": 0.5011035678601828,
  "sample_seconds": 99.67628948390484,
  "ascent_seconds": 1.736864322796464,
  "sampler_network_calls": 674,
  "score_rel_rmse_lam0.05": 0.855849541109483,
  "local_score_rel_rmse_lam0.05": 0.2903126792600492,
  "score_rel_rmse_lam0.1": 1.4821737936565413,
  "local_score_rel_rmse_lam0.1": 0.30737735100804425,
  "score_rel_rmse_lam0.2": 1.4592125095471506,
  "local_score_rel_rmse_lam0.2": 0.28917161422476106,
  "score_rel_rmse_lam0.5": 0.781418004891132,
  "local_score_rel_rmse_lam0.5": 0.25755983010219685,
  "score_rel_rmse_lam1": 0.43056834824790297,
  "local_score_rel_rmse_lam1": 0.22908914875888062,
  "score_rel_rmse_lam2": 0.2838104470474343,
  "local_score_rel_rmse_lam2": 0.1524506795229575,
  "score_rel_rmse_mean": 0.8821721074166073,
  "method": "gauss_hierarchical"
}
Wrote artifacts/timesteps_50/01_gauss_hierarchical.png

=== DPM2 + gauss_hierarchical (2 correctors) ===
[gauss_hierarchical_correctors2] sampled in 66.1s, 212 network calls
[gauss_hierarchical_correctors2] probing the composed score against exact quadrature
[gauss_hierarchical_correctors2]   lam=0.05  shared 0.8558  local 0.2903
[gauss_hierarchical_correctors2]   lam=0.1   shared 1.4822  local 0.3074
[gauss_hierarchical_correctors2]   lam=0.2   shared 1.4592  local 0.2892
[gauss_hierarchical_correctors2]   lam=0.5   shared 0.7814  local 0.2576
[gauss_hierarchical_correctors2]   lam=1     shared 0.4306  local 0.2291
[gauss_hierarchical_correctors2]   lam=2     shared 0.2838  local 0.1525
{
  "observations": 30,
  "num_samples": 3000,
  "excluded_draws": 0,
  "shared_w1_over_sigma": 0.31207310798526117,
  "shared_mean_error_sigma": 0.3114087667471733,
  "shared_width_ratio": 1.047883499572028,
  "local_w1_over_sigma": 0.09238073695760632,
  "local_draw_mean_error_sigma": 0.08187526541884331,
  "marginal_score_rel_rmse": 0.6055314564482774,
  "global_map": 1.4088238076865571,
  "global_map_error_sigma": 0.262359960405356,
  "global_map_error_from_truth_sigma": 1.0169469464471699,
  "local_map_error_vs_posterior_mean_sigma": 0.5018461352903684,
  "local_map_error_vs_conditional_mode_sigma": 0.5169307344241024,
  "sample_seconds": 66.06056444579735,
  "ascent_seconds": 1.7602645866572857,
  "sampler_network_calls": 218,
  "score_rel_rmse_lam0.05": 0.855849541109483,
  "local_score_rel_rmse_lam0.05": 0.2903126792600492,
  "score_rel_rmse_lam0.1": 1.4821737936565413,
  "local_score_rel_rmse_lam0.1": 0.30737735100804425,
  "score_rel_rmse_lam0.2": 1.4592125095471506,
  "local_score_rel_rmse_lam0.2": 0.28917161422476106,
  "score_rel_rmse_lam0.5": 0.781418004891132,
  "local_score_rel_rmse_lam0.5": 0.25755983010219685,
  "score_rel_rmse_lam1": 0.43056834824790297,
  "local_score_rel_rmse_lam1": 0.22908914875888062,
  "score_rel_rmse_lam2": 0.2838104470474343,
  "local_score_rel_rmse_lam2": 0.1524506795229575,
  "score_rel_rmse_mean": 0.8821721074166073,
  "method": "gauss_hierarchical_correctors2"
}
Wrote artifacts/timesteps_50/01_gauss_hierarchical_correctors2.png

=== DPM2 + gauss_hierarchical (predictor only) ===
[gauss_hierarchical_predictor_only] sampled in 57.0s, 98 network calls
[gauss_hierarchical_predictor_only] probing the composed score against exact quadrature
[gauss_hierarchical_predictor_only]   lam=0.05  shared 0.8558  local 0.2903
[gauss_hierarchical_predictor_only]   lam=0.1   shared 1.4822  local 0.3074
[gauss_hierarchical_predictor_only]   lam=0.2   shared 1.4592  local 0.2892
[gauss_hierarchical_predictor_only]   lam=0.5   shared 0.7814  local 0.2576
[gauss_hierarchical_predictor_only]   lam=1     shared 0.4306  local 0.2291
[gauss_hierarchical_predictor_only]   lam=2     shared 0.2838  local 0.1525
{
  "observations": 30,
  "num_samples": 2998,
  "excluded_draws": 2,
  "shared_w1_over_sigma": 3.8341466415334664,
  "shared_mean_error_sigma": 3.834081472686627,
  "shared_width_ratio": 2.1689176326719957,
  "local_w1_over_sigma": 1.0147632011630805,
  "local_draw_mean_error_sigma": 1.0126065187638038,
  "marginal_score_rel_rmse": 1.590344419073206,
  "global_map": 0.9318645060413207,
  "global_map_error_sigma": 3.9321336310389627,
  "global_map_error_from_truth_sigma": 4.686720617080777,
  "local_map_error_vs_posterior_mean_sigma": 0.7495961948333417,
  "local_map_error_vs_conditional_mode_sigma": 0.43349960127781456,
  "sample_seconds": 57.02229240909219,
  "ascent_seconds": 1.7304072151891887,
  "sampler_network_calls": 104,
  "score_rel_rmse_lam0.05": 0.855849541109483,
  "local_score_rel_rmse_lam0.05": 0.2903126792600492,
  "score_rel_rmse_lam0.1": 1.4821737936565413,
  "local_score_rel_rmse_lam0.1": 0.30737735100804425,
  "score_rel_rmse_lam0.2": 1.4592125095471506,
  "local_score_rel_rmse_lam0.2": 0.28917161422476106,
  "score_rel_rmse_lam0.5": 0.781418004891132,
  "local_score_rel_rmse_lam0.5": 0.25755983010219685,
  "score_rel_rmse_lam1": 0.43056834824790297,
  "local_score_rel_rmse_lam1": 0.22908914875888062,
  "score_rel_rmse_lam2": 0.2838104470474343,
  "local_score_rel_rmse_lam2": 0.1524506795229575,
  "score_rel_rmse_mean": 0.8821721074166073,
  "method": "gauss_hierarchical_predictor_only"
}
Wrote artifacts/timesteps_50/01_gauss_hierarchical_predictor_only.png

=== DPM2 + gauss_jacobian (Newton MAP) ===
Traceback (most recent call last):
  File "/export/home/rheinric/COMPASS/tutorials/Compositional_Inference_Fix/New_Attempt/exponential_score_comparison/compare.py", line 1017, in <module>
    main()
  File "/export/home/rheinric/COMPASS/tutorials/Compositional_Inference_Fix/New_Attempt/exponential_score_comparison/compare.py", line 951, in main
    samples, sampler, runtime = draw(
                                ^^^^^
  File "/export/home/rheinric/COMPASS/tutorials/Compositional_Inference_Fix/New_Attempt/exponential_score_comparison/compare.py", line 310, in draw
    samples = sampler.sample(
              ^^^^^^^^^^^^^^^
  File "/export/home/rheinric/COMPASS/src/compass/MultiObsSampler.py", line 712, in sample
    samples = self._sample_loop(rank, data, condition_mask, num_samples)
              ^^^^^^^^^^^^^^^^^^^^^^^^^^^^^^^^^^^^^^^^^^^^^^^^^^^^^^^^^^
  File "/export/home/rheinric/COMPASS/src/compass/MultiObsSampler.py", line 1714, in _sample_loop
    samples = self._dpm_sampler(data_batch, condition_mask_batch, idx,
              ^^^^^^^^^^^^^^^^^^^^^^^^^^^^^^^^^^^^^^^^^^^^^^^^^^^^^^^^
  File "/export/home/rheinric/COMPASS/src/compass/MultiObsSampler.py", line 3916, in _dpm_sampler
    data = self._dpm_solver_2_step(data, t_now, t_next, condition_mask, idx)
           ^^^^^^^^^^^^^^^^^^^^^^^^^^^^^^^^^^^^^^^^^^^^^^^^^^^^^^^^^^^^^^^^^
  File "/export/home/rheinric/COMPASS/src/compass/MultiObsSampler.py", line 3846, in _dpm_solver_2_step
    score_half = self._get_score(data_t, t, condition_mask, idx, self.cfg_alpha)
                 ^^^^^^^^^^^^^^^^^^^^^^^^^^^^^^^^^^^^^^^^^^^^^^^^^^^^^^^^^^^^^^^
  File "/export/home/rheinric/COMPASS/src/compass/MultiObsSampler.py", line 3156, in _get_score
    score = self._compositional_score(
            ^^^^^^^^^^^^^^^^^^^^^^^^^^
  File "/export/home/rheinric/COMPASS/src/compass/MultiObsSampler.py", line 3321, in _compositional_score
    effective_precision, cross_factor = self._effective_global_factors(
                                        ^^^^^^^^^^^^^^^^^^^^^^^^^^^^^^^
  File "/export/home/rheinric/COMPASS/src/compass/MultiObsSampler.py", line 2202, in _effective_global_factors
    joint_precision_t = self._jacobian_joint_precision(
                        ^^^^^^^^^^^^^^^^^^^^^^^^^^^^^^^
  File "/export/home/rheinric/COMPASS/src/compass/MultiObsSampler.py", line 2108, in _jacobian_joint_precision
    jacobian = self._row_score_jacobian(
               ^^^^^^^^^^^^^^^^^^^^^^^^^
  File "/export/home/rheinric/COMPASS/src/compass/MultiObsSampler.py", line 1473, in _row_score_jacobian
    _, column = jvp(raw_scores, (z,), (tangent,))
                ^^^^^^^^^^^^^^^^^^^^^^^^^^^^^^^^^
  File "/export/home/rheinric/COMPASS/.COMPASS/lib/python3.12/site-packages/torch/_functorch/eager_transforms.py", line 1149, in jvp
    return _jvp_with_argnums(
           ^^^^^^^^^^^^^^^^^^
  File "/export/home/rheinric/COMPASS/.COMPASS/lib/python3.12/site-packages/torch/_functorch/eager_transforms.py", line 1208, in _jvp_with_argnums
    result_duals = func(*duals)
                   ^^^^^^^^^^^^
  File "/export/home/rheinric/COMPASS/src/compass/MultiObsSampler.py", line 1461, in raw_scores
    return self._raw_row_scores(state, t, condition_mask)
           ^^^^^^^^^^^^^^^^^^^^^^^^^^^^^^^^^^^^^^^^^^^^^^
  File "/export/home/rheinric/COMPASS/src/compass/MultiObsSampler.py", line 1430, in _raw_row_scores
    scores = self.SBIm.model(
             ^^^^^^^^^^^^^^^^
  File "/export/home/rheinric/COMPASS/.COMPASS/lib/python3.12/site-packages/torch/nn/modules/module.py", line 1778, in _wrapped_call_impl
    return self._call_impl(*args, **kwargs)
           ^^^^^^^^^^^^^^^^^^^^^^^^^^^^^^^^
  File "/export/home/rheinric/COMPASS/.COMPASS/lib/python3.12/site-packages/torch/nn/modules/module.py", line 1789, in _call_impl
    return forward_call(*args, **kwargs)
           ^^^^^^^^^^^^^^^^^^^^^^^^^^^^^
  File "/export/home/rheinric/COMPASS/src/compass/ConditionTransformer.py", line 295, in forward
    x = block(x, c, t, return_attn_weights)
        ^^^^^^^^^^^^^^^^^^^^^^^^^^^^^^^^^^^
  File "/export/home/rheinric/COMPASS/.COMPASS/lib/python3.12/site-packages/torch/nn/modules/module.py", line 1778, in _wrapped_call_impl
    return self._call_impl(*args, **kwargs)
           ^^^^^^^^^^^^^^^^^^^^^^^^^^^^^^^^
  File "/export/home/rheinric/COMPASS/.COMPASS/lib/python3.12/site-packages/torch/nn/modules/module.py", line 1789, in _call_impl
    return forward_call(*args, **kwargs)
           ^^^^^^^^^^^^^^^^^^^^^^^^^^^^^
  File "/export/home/rheinric/COMPASS/src/compass/ConditionTransformer.py", line 177, in forward
    attn_output = self.attn(
                  ^^^^^^^^^^
  File "/export/home/rheinric/COMPASS/.COMPASS/lib/python3.12/site-packages/torch/nn/modules/module.py", line 1778, in _wrapped_call_impl
    return self._call_impl(*args, **kwargs)
           ^^^^^^^^^^^^^^^^^^^^^^^^^^^^^^^^
  File "/export/home/rheinric/COMPASS/.COMPASS/lib/python3.12/site-packages/torch/nn/modules/module.py", line 1789, in _call_impl
    return forward_call(*args, **kwargs)
           ^^^^^^^^^^^^^^^^^^^^^^^^^^^^^
  File "/export/home/rheinric/COMPASS/.COMPASS/lib/python3.12/site-packages/torch/nn/modules/activation.py", line 1494, in forward
    attn_output, attn_output_weights = F.multi_head_attention_forward(
                                       ^^^^^^^^^^^^^^^^^^^^^^^^^^^^^^^
  File "/export/home/rheinric/COMPASS/.COMPASS/lib/python3.12/site-packages/torch/nn/functional.py", line 6718, in multi_head_attention_forward
    attn_output = scaled_dot_product_attention(
                  ^^^^^^^^^^^^^^^^^^^^^^^^^^^^^
torch.OutOfMemoryError: CUDA out of memory. Tried to allocate 18.00 MiB. GPU 0 has a total capacity of 10.57 GiB of which 5.88 MiB is free. Process 3047036 has 8.10 GiB memory in use. Including non-PyTorch memory, this process has 2.46 GiB memory in use. Of the allocated memory 2.08 GiB is allocated by PyTorch, and 180.44 MiB is reserved by PyTorch but unallocated. If reserved but unallocated memory is large try setting PYTORCH_CUDA_ALLOC_CONF=expandable_segments:True to avoid fragmentation.  See documentation for Memory Management  (https://docs.pytorch.org/docs/stable/notes/cuda.html#optimizing-memory-usage-with-pytorch-cuda-alloc-conf)
